 StarcraftBuildOrderSearch

 Timestamp is 52fcd72d (Thu Feb 13 22:31:09 2014)

 Preferred load address is 00400000

 Start         Length     Name                   Class
 0001:00000000 0002d29aH .text                   CODE
 0001:0002d2a0 00001a06H .text$x                 CODE
 0001:0002ecb0 0000ac3dH .text$yc                CODE
 0001:000398f0 000003baH .text$yd                CODE
 0002:00000000 00000144H .idata$5                DATA
 0002:00000144 00000004H .CRT$XCA                DATA
 0002:00000148 00000004H .CRT$XCAA               DATA
 0002:0000014c 00000c78H .CRT$XCU                DATA
 0002:00000dc4 00000004H .CRT$XCZ                DATA
 0002:00000dc8 00000004H .CRT$XIA                DATA
 0002:00000dcc 00000004H .CRT$XIAA               DATA
 0002:00000dd0 00000004H .CRT$XIC                DATA
 0002:00000dd4 00000004H .CRT$XIY                DATA
 0002:00000dd8 00000004H .CRT$XIZ                DATA
 0002:00000de0 00003738H .rdata                  DATA
 0002:00004518 000000c2H .rdata$debug            DATA
 0002:000045dc 00000250H .rdata$r                DATA
 0002:00004830 00000198H .rdata$sxdata           DATA
 0002:000049c8 00000004H .rtc$IAA                DATA
 0002:000049cc 00000004H .rtc$IZZ                DATA
 0002:000049d0 00000004H .rtc$TAA                DATA
 0002:000049d4 00000004H .rtc$TZZ                DATA
 0002:000049d8 00001e34H .xdata$x                DATA
 0002:0000680c 0000003cH .idata$2                DATA
 0002:00006848 00000014H .idata$3                DATA
 0002:0000685c 00000144H .idata$4                DATA
 0002:000069a0 00000b76H .idata$6                DATA
 0002:00007516 00000000H .edata                  DATA
 0003:00000000 000005e0H .data                   DATA
 0003:000005e0 00069090H .bss                    DATA

  Address         Publics by Value              Rva+Base       Lib:Object

 0000:00000000       __except_list              00000000     <absolute>
 0000:00000066       ___safe_se_handler_count   00000066     <absolute>
 0000:00009876       __fltused                  00009876     <absolute>
 0000:00009876       __ldused                   00009876     <absolute>
 0000:00000000       ___ImageBase               00400000     <linker-defined>
 0001:00000000       ??1bad_alloc@std@@UAE@XZ   00401000 f i StarcraftData.obj
 0001:00000010       ??_Gbad_alloc@std@@UAEPAXI@Z 00401010 f i StarcraftData.obj
 0001:00000010       ??_Ebad_alloc@std@@UAEPAXI@Z 00401010 f i  CIL library: CIL module
 0001:00000040       ??1BuildingStatus@BuildOrderSearch@@QAE@XZ 00401040 f i test.obj
 0001:00000040       ??3@YAXPAX0@Z              00401040 f i StarcraftData.obj
 0001:00000050       ?what@logic_error@std@@UBEPBDXZ 00401050 f i StarcraftData.obj
 0001:00000060       ??_Gout_of_range@std@@UAEPAXI@Z 00401060 f i test.obj
 0001:00000060       ??_Eout_of_range@std@@UAEPAXI@Z 00401060 f i  CIL library: CIL module
 0001:00000060       ??_Elength_error@std@@UAEPAXI@Z 00401060 f i  CIL library: CIL module
 0001:00000060       ??_Glogic_error@std@@UAEPAXI@Z 00401060 f i StarcraftData.obj
 0001:00000060       ??_Glength_error@std@@UAEPAXI@Z 00401060 f i StarcraftData.obj
 0001:00000060       ??_Elogic_error@std@@UAEPAXI@Z 00401060 f i  CIL library: CIL module
 0001:000000a0       ??0logic_error@std@@QAE@ABV01@@Z 004010a0 f i StarcraftData.obj
 0001:00000110       ??1?$vector@VBitSet@BuildOrderSearch@@V?$allocator@VBitSet@BuildOrderSearch@@@std@@@std@@QAE@XZ 00401110 f i StarcraftData.obj
 0001:00000110       ??1StarcraftSearchConstraints@BuildOrderSearch@@QAE@XZ 00401110 f i test.obj
 0001:00000110       ??1MacroAction@BuildOrderSearch@@QAE@XZ 00401110 f i StarcraftData.obj
 0001:00000110       ??1?$vector@IV?$allocator@I@std@@@std@@QAE@XZ 00401110 f i StarcraftData.obj
 0001:00000110       ?destroy@?$allocator@VMacroAction@BuildOrderSearch@@@std@@QAEXPAVMacroAction@BuildOrderSearch@@@Z 00401110 f i StarcraftData.obj
 0001:00000110       ??1?$vector@U?$pair@HH@std@@V?$allocator@U?$pair@HH@std@@@2@@std@@QAE@XZ 00401110 f i test.obj
 0001:00000110       ??1?$vector@HV?$allocator@H@std@@@std@@QAE@XZ 00401110 f i test.obj
 0001:00000110       ??1?$vector@EV?$allocator@E@std@@@std@@QAE@XZ 00401110 f i StarcraftData.obj
 0001:00000140       ??0StarcraftData@BuildOrderSearch@@QAE@XZ 00401140 f i StarcraftData.obj
 0001:000001d0       ??1StarcraftData@BuildOrderSearch@@QAE@XZ 004011d0 f i StarcraftData.obj
 0001:00000240       ??1StarcraftAction@BuildOrderSearch@@QAE@XZ 00401240 f i StarcraftData.obj
 0001:000002a0       ??1?$DependencyGraph@_N@BuildOrderSearch@@QAE@XZ 004012a0 f i StarcraftData.obj
 0001:00000310       ?getStarcraftDataInstance@BuildOrderSearch@@YAAAVStarcraftData@1@XZ 00401310 f   StarcraftData.obj
 0001:00000380       ??1?$vector@VStarcraftAction@BuildOrderSearch@@V?$allocator@VStarcraftAction@BuildOrderSearch@@@std@@@std@@QAE@XZ 00401380 f i StarcraftData.obj
 0001:00000400       ??1?$vector@VMacroAction@BuildOrderSearch@@V?$allocator@VMacroAction@BuildOrderSearch@@@std@@@std@@QAE@XZ 00401400 f i StarcraftData.obj
 0001:00000450       ??1?$vector@V?$vector@_NV?$allocator@_N@std@@@std@@V?$allocator@V?$vector@_NV?$allocator@_N@std@@@std@@@2@@std@@QAE@XZ 00401450 f i StarcraftData.obj
 0001:000004a0       ?_Buy@?$vector@U?$pair@HH@std@@V?$allocator@U?$pair@HH@std@@@2@@std@@IAE_NI@Z 004014a0 f i test.obj
 0001:000004a0       ?_Buy@?$vector@VBitSet@BuildOrderSearch@@V?$allocator@VBitSet@BuildOrderSearch@@@std@@@std@@IAE_NI@Z 004014a0 f i StarcraftData.obj
 0001:000004d0       ?_Buy@?$vector@V?$vector@_NV?$allocator@_N@std@@@std@@V?$allocator@V?$vector@_NV?$allocator@_N@std@@@std@@@2@@std@@IAE_NI@Z 004014d0 f i StarcraftData.obj
 0001:00000500       ?_Destroy@?$vector@V?$vector@_NV?$allocator@_N@std@@@std@@V?$allocator@V?$vector@_NV?$allocator@_N@std@@@std@@@2@@std@@IAEXPAV?$vector@_NV?$allocator@_N@std@@@2@0@Z 00401500 f i StarcraftData.obj
 0001:00000520       ?_Tidy@?$vector@V?$vector@_NV?$allocator@_N@std@@@std@@V?$allocator@V?$vector@_NV?$allocator@_N@std@@@std@@@2@@std@@IAEXXZ 00401520 f i StarcraftData.obj
 0001:00000560       ?destroy@?$allocator@V?$vector@_NV?$allocator@_N@std@@@std@@@std@@QAEXPAV?$vector@_NV?$allocator@_N@std@@@2@@Z 00401560 f i StarcraftData.obj
 0001:00000560       ??1?$vector@_NV?$allocator@_N@std@@@std@@QAE@XZ 00401560 f i StarcraftData.obj
 0001:000005a0       ??0length_error@std@@QAE@ABV01@@Z 004015a0 f i StarcraftData.obj
 0001:000005c0       ?allocate@?$allocator@U?$pair@HH@std@@@std@@QAEPAU?$pair@HH@2@I@Z 004015c0 f i test.obj
 0001:000005c0       ?allocate@?$allocator@VBitSet@BuildOrderSearch@@@std@@QAEPAVBitSet@BuildOrderSearch@@I@Z 004015c0 f i StarcraftData.obj
 0001:00000620       ?_Destroy@?$vector@VStarcraftAction@BuildOrderSearch@@V?$allocator@VStarcraftAction@BuildOrderSearch@@@std@@@std@@IAEXPAVStarcraftAction@BuildOrderSearch@@0@Z 00401620 f i StarcraftData.obj
 0001:00000640       ?_Xlen@?$vector@VMacroAction@BuildOrderSearch@@V?$allocator@VMacroAction@BuildOrderSearch@@@std@@@std@@KAXXZ 00401640 f i StarcraftData.obj
 0001:00000640       ?_Xlen@?$vector@U?$pair@HH@std@@V?$allocator@U?$pair@HH@std@@@2@@std@@KAXXZ 00401640 f i test.obj
 0001:00000640       ?_Xlen@?$vector@VStarcraftAction@BuildOrderSearch@@V?$allocator@VStarcraftAction@BuildOrderSearch@@@std@@@std@@KAXXZ 00401640 f i StarcraftData.obj
 0001:00000640       ?_Xlen@?$vector@EV?$allocator@E@std@@@std@@KAXXZ 00401640 f i test.obj
 0001:00000640       ?_Xlen@?$vector@VBitSet@BuildOrderSearch@@V?$allocator@VBitSet@BuildOrderSearch@@@std@@@std@@KAXXZ 00401640 f i StarcraftData.obj
 0001:00000640       ?_Xlen@?$vector@V?$vector@_NV?$allocator@_N@std@@@std@@V?$allocator@V?$vector@_NV?$allocator@_N@std@@@std@@@2@@std@@KAXXZ 00401640 f i StarcraftData.obj
 0001:000006d0       ?allocate@?$allocator@VStarcraftAction@BuildOrderSearch@@@std@@QAEPAVStarcraftAction@BuildOrderSearch@@I@Z 004016d0 f i StarcraftData.obj
 0001:00000730       ?_Destroy@?$vector@VMacroAction@BuildOrderSearch@@V?$allocator@VMacroAction@BuildOrderSearch@@@std@@@std@@IAEXPAVMacroAction@BuildOrderSearch@@0@Z 00401730 f i StarcraftData.obj
 0001:00000750       ?allocate@?$allocator@VMacroAction@BuildOrderSearch@@@std@@QAEPAVMacroAction@BuildOrderSearch@@I@Z 00401750 f i StarcraftData.obj
 0001:000007b0       ?allocate@?$allocator@V?$vector@_NV?$allocator@_N@std@@@std@@@std@@QAEPAV?$vector@_NV?$allocator@_N@std@@@2@I@Z 004017b0 f i StarcraftData.obj
 0001:00000810       ??0bad_alloc@std@@QAE@ABV01@@Z 00401810 f i StarcraftData.obj
 0001:00000830       ??$_Destroy_range@V?$allocator@V?$vector@_NV?$allocator@_N@std@@@std@@@std@@@std@@YAXPAV?$vector@_NV?$allocator@_N@std@@@0@0AAV?$allocator@V?$vector@_NV?$allocator@_N@std@@@std@@@0@U_Nonscalar_ptr_iterator_tag@0@@Z 00401830 f i StarcraftData.obj
 0001:00000880       ??$_Destroy_range@V?$allocator@VStarcraftAction@BuildOrderSearch@@@std@@@std@@YAXPAVStarcraftAction@BuildOrderSearch@@0AAV?$allocator@VStarcraftAction@BuildOrderSearch@@@0@U_Nonscalar_ptr_iterator_tag@0@@Z 00401880 f i StarcraftData.obj
 0001:000008f0       ??$_Destroy_range@V?$allocator@VMacroAction@BuildOrderSearch@@@std@@@std@@YAXPAVMacroAction@BuildOrderSearch@@0AAV?$allocator@VMacroAction@BuildOrderSearch@@@0@U_Nonscalar_ptr_iterator_tag@0@@Z 004018f0 f i StarcraftData.obj
 0001:00000930       ??1out_of_range@std@@UAE@XZ 00401930 f i test.obj
 0001:00000930       ??1length_error@std@@UAE@XZ 00401930 f i StarcraftData.obj
 0001:00000950       ??0out_of_range@std@@QAE@ABV01@@Z 00401950 f i test.obj
 0001:00000970       ?countTrailingZeros@BitSet@BuildOrderSearch@@QBEH_K@Z 00401970 f i test.obj
 0001:000009b0       ?numActions@BitSet@BuildOrderSearch@@QBEHXZ 004019b0 f i test.obj
 0001:00000a20       ??0StarcraftAction@BuildOrderSearch@@QAE@VUnitType@BWAPI@@H@Z 00401a20 f i test.obj
 0001:00000c70       ??0StarcraftAction@BuildOrderSearch@@QAE@VUpgradeType@BWAPI@@H@Z 00401c70 f i test.obj
 0001:00000d60       ??0StarcraftAction@BuildOrderSearch@@QAE@VTechType@BWAPI@@H@Z 00401d60 f i test.obj
 0001:00000e50       ?getName@StarcraftAction@BuildOrderSearch@@QBE?AV?$basic_string@DU?$char_traits@D@std@@V?$allocator@D@2@@std@@XZ 00401e50 f i test.obj
 0001:00000e70       ??0ActionsInProgress@BuildOrderSearch@@QAE@XZ 00401e70 f i test.obj
 0001:00000ed0       ?addAction@ActionsInProgress@BuildOrderSearch@@QAEXEH@Z 00401ed0 f i test.obj
 0001:00000f40       ?whenActionsFinished@ActionsInProgress@BuildOrderSearch@@QBEHVBitSet@2@@Z 00401f40 f i test.obj
 0001:00000ff0       ?addActions@StarcraftData@BuildOrderSearch@@AAEXAAVRace@BWAPI@@@Z 00401ff0 f i test.obj
 0001:00001f20       ?addPrerequisites@StarcraftData@BuildOrderSearch@@AAEXXZ 00402f20 f i test.obj
 0001:00002070       ?calculateSpecialUnits@StarcraftData@BuildOrderSearch@@AAEXXZ 00403070 f i test.obj
 0001:000022d0       ?calculatePrerequisites@StarcraftData@BuildOrderSearch@@AAE?AVBitSet@2@AAVStarcraftAction@2@@Z 004032d0 f i test.obj
 0001:00002790       ?calculateDependencyGraph@StarcraftData@BuildOrderSearch@@AAEXXZ 00403790 f i test.obj
 0001:00002a70       ?addMacroActions@StarcraftData@BuildOrderSearch@@AAEXXZ 00403a70 f i test.obj
 0001:00002c10       ?calculateHashData@StarcraftData@BuildOrderSearch@@AAEXXZ 00403c10 f i test.obj
 0001:00002c60       ?init@StarcraftData@BuildOrderSearch@@QAEXVRace@BWAPI@@@Z 00403c60 f i test.obj
 0001:00002ce0       ??AStarcraftData@BuildOrderSearch@@QBEABVStarcraftAction@1@H@Z 00403ce0 f i test.obj
 0001:00002d10       ?getAction@StarcraftData@BuildOrderSearch@@QBEEAAVStarcraftAction@2@@Z 00403d10 f i test.obj
 0001:00002da0       ?getAction@StarcraftData@BuildOrderSearch@@QBEEABVUnitType@BWAPI@@@Z 00403da0 f i test.obj
 0001:00002eb0       ?getAction@StarcraftData@BuildOrderSearch@@QBEEABVTechType@BWAPI@@@Z 00403eb0 f i test.obj
 0001:00002fb0       ?calculateSupplyRequired@StarcraftSearchGoal@BuildOrderSearch@@AAEXXZ 00403fb0 f i test.obj
 0001:000030c0       ?printGoal@StarcraftSearchGoal@BuildOrderSearch@@QBEXXZ 004040c0 f i test.obj
 0001:00003330       ??0SearchSaveState@BuildOrderSearch@@QAE@V?$vector@EV?$allocator@E@std@@@std@@H@Z 00404330 f i test.obj
 0001:000033b0       ??0SearchResults@BuildOrderSearch@@QAE@_NH_KNV?$vector@EV?$allocator@E@std@@@std@@@Z 004043b0 f i test.obj
 0001:00003460       ?printResults@SearchResults@BuildOrderSearch@@QAEX_N@Z 00404460 f i test.obj
 0001:000034b0       ?printBuildOrder@SearchResults@BuildOrderSearch@@QAEXXZ 004044b0 f i test.obj
 0001:00003500       ??0BuildingStatus@BuildOrderSearch@@QAE@XZ 00404500 f i test.obj
 0001:00003510       ?queueAction@BuildingData@BuildOrderSearch@@QAEXE@Z 00404510 f i test.obj
 0001:000037f0       ?fastForwardBuildings@BuildingData@BuildOrderSearch@@QAEXH@Z 004047f0 f i test.obj
 0001:000038c0       ?printBuildingInformation@BuildingData@BuildOrderSearch@@QBEXXZ 004048c0 f i test.obj
 0001:00003a60       ?xsetGameStartData@StarcraftState@BuildOrderSearch@@AAEXXZ 00404a60 f i test.obj
 0001:00003ba0       ?xspecificWhenReady@StarcraftState@BuildOrderSearch@@AAEHE@Z 00404ba0 f i test.obj
 0001:00003cb0       ?xspecificDoAction@StarcraftState@BuildOrderSearch@@AAEXEH@Z 00404cb0 f i test.obj
 0001:00003f50       ?xspecificFastForward@StarcraftState@BuildOrderSearch@@AAEXH@Z 00404f50 f i test.obj
 0001:00004020       ?xspecificFinishAction@StarcraftState@BuildOrderSearch@@AAEXE@Z 00405020 f i test.obj
 0001:000041d0       ?fixZergUnitMasks@StarcraftState@BuildOrderSearch@@AAEXXZ 004051d0 f i test.obj
 0001:000042f0       ??0StarcraftState@BuildOrderSearch@@QAE@_N@Z 004052f0 f i test.obj
 0001:00004490       ?doAction@StarcraftState@BuildOrderSearch@@QAEXEH@Z 00405490 f i test.obj
 0001:000047b0       ?fastForward@StarcraftState@BuildOrderSearch@@QAEXH@Z 004057b0 f i test.obj
 0001:000049d0       ?finishNextActionInProgress@StarcraftState@BuildOrderSearch@@QAEXXZ 004059d0 f i test.obj
 0001:00004c90       ?resourcesReady@StarcraftState@BuildOrderSearch@@QAEHE@Z 00405c90 f i test.obj
 0001:00004e60       ?whenSupplyReady@StarcraftState@BuildOrderSearch@@QBEHE@Z 00405e60 f i test.obj
 0001:000050c0       ?whenPrerequisitesReady@StarcraftState@BuildOrderSearch@@QBEHE@Z 004060c0 f i test.obj
 0001:00005220       ?whenBuildingPrereqReady@StarcraftState@BuildOrderSearch@@QBEHE@Z 00406220 f i test.obj
 0001:00005430       ?whenConstructedBuildingReady@StarcraftState@BuildOrderSearch@@QBEHE@Z 00406430 f i test.obj
 0001:00005500       ?whenMineralsReady@StarcraftState@BuildOrderSearch@@QBEHE@Z 00406500 f i test.obj
 0001:00005780       ?whenGasReady@StarcraftState@BuildOrderSearch@@QBEHE@Z 00406780 f i test.obj
 0001:00005a00       ?calculateUpperBoundHeuristic@StarcraftState@BuildOrderSearch@@QBEHABVStarcraftSearchGoal@2@@Z 00406a00 f i test.obj
 0001:00005b70       ?calculateDependencyHeuristic@StarcraftState@BuildOrderSearch@@QBEHABVStarcraftSearchGoal@2@@Z 00406b70 f i test.obj
 0001:00005c30       ?calculateGoalResourceLowerBound@StarcraftState@BuildOrderSearch@@QBE?AU?$pair@HH@std@@ABVStarcraftSearchGoal@2@@Z 00406c30 f i test.obj
 0001:00005f40       ?calculateDependencyResourcesRemaining@StarcraftState@BuildOrderSearch@@QBEXHAAU?$pair@HH@std@@AAVBitSet@2@@Z 00406f40 f i test.obj
 0001:000060e0       ?calculateDependencyTimeRemaining@StarcraftState@BuildOrderSearch@@QBEHE@Z 004070e0 f i test.obj
 0001:00006340       ?resourceReadyLowerBound@StarcraftState@BuildOrderSearch@@QBE?AU?$pair@HH@std@@HH@Z 00407340 f i test.obj
 0001:000068c0       ?getLegalActions@StarcraftState@BuildOrderSearch@@QBE?AVBitSet@2@ABVStarcraftSearchGoal@2@@Z 004078c0 f i test.obj
 0001:00006990       ?isLegal@StarcraftState@BuildOrderSearch@@QBE_NEABVStarcraftSearchGoal@2@@Z 00407990 f i test.obj
 0001:00006d10       ?meetsGoal@StarcraftState@BuildOrderSearch@@QBE_NABVStarcraftSearchGoal@2@@Z 00407d10 f i test.obj
 0001:00006e50       ?meetsConstraints@StarcraftState@BuildOrderSearch@@QBE_NABVStarcraftSearchConstraints@2@@Z 00407e50 f i test.obj
 0001:00006ed0       ?setUnitMask@StarcraftState@BuildOrderSearch@@QAEXXZ 00407ed0 f i test.obj
 0001:000070c0       ?setProgressMask@StarcraftState@BuildOrderSearch@@QAEXXZ 004080c0 f i test.obj
 0001:00007110       ?addNumUnits@StarcraftState@BuildOrderSearch@@QAEXED@Z 00408110 f i test.obj
 0001:00007150       ?getNumUnits@StarcraftState@BuildOrderSearch@@QBEEH@Z 00408150 f i test.obj
 0001:000071b0       ?getSupplyInProgress@StarcraftState@BuildOrderSearch@@QBEHXZ 004081b0 f i test.obj
 0001:00007280       ?hasEnoughSupplyForGoal@StarcraftState@BuildOrderSearch@@QBE_NABVStarcraftSearchGoal@2@@Z 00408280 f i test.obj
 0001:00007430       ?getFinishTimeMinerals@StarcraftState@BuildOrderSearch@@QBEHXZ 00408430 f i test.obj
 0001:00007480       ?getFinishTimeGas@StarcraftState@BuildOrderSearch@@QBEHXZ 00408480 f i test.obj
 0001:000074d0       ?getArmyValue@StarcraftState@BuildOrderSearch@@QBEHXZ 004084d0 f i test.obj
 0001:00007740       ?getBuildOrder@StarcraftState@BuildOrderSearch@@QAE?AV?$vector@EV?$allocator@E@std@@@std@@XZ 00408740 f i test.obj
 0001:00007820       ?printData@StarcraftState@BuildOrderSearch@@QBEXXZ 00408820 f i test.obj
 0001:00007aa0       ??1BuildingData@BuildOrderSearch@@QAE@XZ 00408aa0 f i test.obj
 0001:00007ab0       ??0SearchParameters@BuildOrderSearch@@QAE@XZ 00408ab0 f i test.obj
 0001:00007bb0       ??1StarcraftState@BuildOrderSearch@@QAE@XZ 00408bb0 f i test.obj
 0001:00007c10       ??0StarcraftState@BuildOrderSearch@@QAE@ABV01@@Z 00408c10 f i test.obj
 0001:00007d90       ?getElapsedTimeInMilliSec@Timer@BuildOrderSearch@@QAENXZ 00408d90 f i test.obj
 0001:00007dd0       ??0StarcraftSearch@BuildOrderSearch@@IAE@XZ 00408dd0 f i test.obj
 0001:00007e60       ??1StarcraftSearch@BuildOrderSearch@@IAE@XZ 00408e60 f i test.obj
 0001:00007ee0       ?calculateRecursivePrerequisites@StarcraftSearch@BuildOrderSearch@@IAEXEAAVBitSet@2@@Z 00408ee0 f i test.obj
 0001:00007fb0       ?getBuildOrder@StarcraftSearch@BuildOrderSearch@@IAE?AV?$vector@EV?$allocator@E@std@@@std@@AAVStarcraftState@2@@Z 00408fb0 f i test.obj
 0001:00008090       ??1?$set@V?$basic_string@DU?$char_traits@D@std@@V?$allocator@D@2@@std@@U?$less@V?$basic_string@DU?$char_traits@D@std@@V?$allocator@D@2@@std@@@2@V?$allocator@V?$basic_string@DU?$char_traits@D@std@@V?$allocator@D@2@@std@@@2@@std@@QAE@XZ 00409090 f i test.obj
 0001:000080e0       ??0DFBBStarcraftSearch@BuildOrderSearch@@QAE@VSearchParameters@1@@Z 004090e0 f i test.obj
 0001:00008260       ?search@DFBBStarcraftSearch@BuildOrderSearch@@UAE?AVSearchResults@2@XZ 00409260 f i test.obj
 0001:00008360       ?DFBB@DFBBStarcraftSearch@BuildOrderSearch@@QAEXAAVStarcraftState@2@H@Z 00409360 f i test.obj
 0001:00008e50       ?calculateRelevantActions@DFBBStarcraftSearch@BuildOrderSearch@@QAE?AVBitSet@2@XZ 00409e50 f i test.obj
 0001:00008ff0       ??1SearchParameters@BuildOrderSearch@@QAE@XZ 00409ff0 f i test.obj
 0001:00009070       ??0SearchParameters@BuildOrderSearch@@QAE@ABV01@@Z 0040a070 f i test.obj
 0001:000091c0       ??1SearchResults@BuildOrderSearch@@QAE@XZ 0040a1c0 f i test.obj
 0001:000091f0       ??0SearchResults@BuildOrderSearch@@QAE@ABV01@@Z 0040a1f0 f i test.obj
 0001:00009270       ??4StarcraftState@BuildOrderSearch@@QAEAAV01@ABV01@@Z 0040a270 f i test.obj
 0001:00009420       ??4SearchResults@BuildOrderSearch@@QAEAAV01@ABV01@@Z 0040a420 f i test.obj
 0001:000094a0       ?doSearch@SmartStarcraftSearch@BuildOrderSearch@@AAE?AVSearchResults@2@XZ 0040a4a0 f i test.obj
 0001:000095a0       ?calculateSearchSettings@SmartStarcraftSearch@BuildOrderSearch@@AAEXXZ 0040a5a0 f i test.obj
 0001:00009670       ?calculateRefineriesRequired@SmartStarcraftSearch@BuildOrderSearch@@AAEHXZ 0040a670 f i test.obj
 0001:00009810       ?setPrerequisiteGoalMax@SmartStarcraftSearch@BuildOrderSearch@@AAEXXZ 0040a810 f i test.obj
 0001:00009d30       ?recurseOverStrictDependencies@SmartStarcraftSearch@BuildOrderSearch@@AAEXE@Z 0040ad30 f i test.obj
 0001:00009f70       ?calculateSupplyProvidersRequired@SmartStarcraftSearch@BuildOrderSearch@@AAEHXZ 0040af70 f i test.obj
 0001:0000a3a0       ?setRepetitions@SmartStarcraftSearch@BuildOrderSearch@@AAEXXZ 0040b3a0 f i test.obj
 0001:0000a5f0       ??0SmartStarcraftSearch@BuildOrderSearch@@QAE@XZ 0040b5f0 f i test.obj
 0001:0000a6c0       ??1SmartStarcraftSearch@BuildOrderSearch@@QAE@XZ 0040b6c0 f i test.obj
 0001:0000a750       ?search@SmartStarcraftSearch@BuildOrderSearch@@QAE?AVSearchResults@2@XZ 0040b750 f i test.obj
 0001:0000a790       ??1DFBBStarcraftSearch@BuildOrderSearch@@QAE@XZ 0040b790 f i test.obj
 0001:0000a840       ?testSmartSearch@@YAXXZ    0040b840 f   test.obj
 0001:0000a9e0       _main                      0040b9e0 f   test.obj
 0001:0000aa00       ??0?$vector@EV?$allocator@E@std@@@std@@QAE@ABV01@@Z 0040ba00 f i test.obj
 0001:0000aad0       ??4?$vector@EV?$allocator@E@std@@@std@@QAEAAV01@ABV01@@Z 0040bad0 f i test.obj
 0001:0000abe0       ?push_back@?$vector@VStarcraftAction@BuildOrderSearch@@V?$allocator@VStarcraftAction@BuildOrderSearch@@@std@@@std@@QAEXABVStarcraftAction@BuildOrderSearch@@@Z 0040bbe0 f i test.obj
 0001:0000ac80       ??0?$DependencyGraph@_N@BuildOrderSearch@@QAE@H@Z 0040bc80 f i test.obj
 0001:0000adc0       ?transitiveReduction@?$DependencyGraph@_N@BuildOrderSearch@@QAEXXZ 0040bdc0 f i test.obj
 0001:0000b260       ??4?$vector@V?$vector@_NV?$allocator@_N@std@@@std@@V?$allocator@V?$vector@_NV?$allocator@_N@std@@@std@@@2@@std@@QAEAAV01@ABV01@@Z 0040c260 f i test.obj
 0001:0000b3d0       ??0?$_Tree@V?$_Tmap_traits@VUnitType@BWAPI@@HU?$less@VUnitType@BWAPI@@@std@@V?$allocator@U?$pair@$$CBVUnitType@BWAPI@@H@std@@@4@$0A@@std@@@std@@QAE@ABV01@@Z 0040c3d0 f i test.obj
 0001:0000b480       ??1?$map@VUnitType@BWAPI@@HU?$less@VUnitType@BWAPI@@@std@@V?$allocator@U?$pair@$$CBVUnitType@BWAPI@@H@std@@@4@@std@@QAE@XZ 0040c480 f i test.obj
 0001:0000b480       ??1?$_Tree@V?$_Tmap_traits@VUnitType@BWAPI@@HU?$less@VUnitType@BWAPI@@@std@@V?$allocator@U?$pair@$$CBVUnitType@BWAPI@@H@std@@@4@$0A@@std@@@std@@QAE@XZ 0040c480 f i test.obj
 0001:0000b4d0       ??0?$vector@VStarcraftAction@BuildOrderSearch@@V?$allocator@VStarcraftAction@BuildOrderSearch@@@std@@@std@@QAE@XZ 0040c4d0 f i StarcraftData.obj
 0001:0000b4d0       ??0?$vector@VStarcraftSearchConstraint@BuildOrderSearch@@V?$allocator@VStarcraftSearchConstraint@BuildOrderSearch@@@std@@@std@@QAE@XZ 0040c4d0 f i test.obj
 0001:0000b4d0       ??0?$vector@VStarcraftState@BuildOrderSearch@@V?$allocator@VStarcraftState@BuildOrderSearch@@@std@@@std@@QAE@XZ 0040c4d0 f i test.obj
 0001:0000b4d0       ??0?$vector@EV?$allocator@E@std@@@std@@QAE@XZ 0040c4d0 f i test.obj
 0001:0000b4d0       ??0?$vector@VMacroAction@BuildOrderSearch@@V?$allocator@VMacroAction@BuildOrderSearch@@@std@@@std@@QAE@XZ 0040c4d0 f i StarcraftData.obj
 0001:0000b4d0       ??0?$vector@V?$vector@_NV?$allocator@_N@std@@@std@@V?$allocator@V?$vector@_NV?$allocator@_N@std@@@std@@@2@@std@@QAE@XZ 0040c4d0 f i StarcraftData.obj
 0001:0000b4d0       ??0?$vector@U?$pair@HH@std@@V?$allocator@U?$pair@HH@std@@@2@@std@@QAE@XZ 0040c4d0 f i test.obj
 0001:0000b4d0       ??0?$vector@VBitSet@BuildOrderSearch@@V?$allocator@VBitSet@BuildOrderSearch@@@std@@@std@@QAE@XZ 0040c4d0 f i StarcraftData.obj
 0001:0000b530       ??0?$vector@VStarcraftSearchConstraint@BuildOrderSearch@@V?$allocator@VStarcraftSearchConstraint@BuildOrderSearch@@@std@@@std@@QAE@ABV01@@Z 0040c530 f i test.obj
 0001:0000b630       ??4?$vector@VStarcraftSearchConstraint@BuildOrderSearch@@V?$allocator@VStarcraftSearchConstraint@BuildOrderSearch@@@std@@@std@@QAEAAV01@ABV01@@Z 0040c630 f i test.obj
 0001:0000b770       ??0?$vector@U?$pair@HH@std@@V?$allocator@U?$pair@HH@std@@@2@@std@@QAE@ABV01@@Z 0040c770 f i test.obj
 0001:0000b860       ??4?$vector@VBitSet@BuildOrderSearch@@V?$allocator@VBitSet@BuildOrderSearch@@@std@@@std@@QAEAAV01@ABV01@@Z 0040c860 f i test.obj
 0001:0000b860       ??4?$vector@U?$pair@HH@std@@V?$allocator@U?$pair@HH@std@@@2@@std@@QAEAAV01@ABV01@@Z 0040c860 f i test.obj
 0001:0000b950       ?push_back@?$vector@U?$pair@HH@std@@V?$allocator@U?$pair@HH@std@@@2@@std@@QAEXABU?$pair@HH@2@@Z 0040c950 f i test.obj
 0001:0000b9c0       ??1?$vector@VStarcraftState@BuildOrderSearch@@V?$allocator@VStarcraftState@BuildOrderSearch@@@std@@@std@@QAE@XZ 0040c9c0 f i test.obj
 0001:0000ba40       ?push_back@?$vector@VStarcraftState@BuildOrderSearch@@V?$allocator@VStarcraftState@BuildOrderSearch@@@std@@@std@@QAEXABVStarcraftState@BuildOrderSearch@@@Z 0040ca40 f i test.obj
 0001:0000bae0       ??1?$_Tree_val@V?$_Tmap_traits@VUnitType@BWAPI@@HU?$less@VUnitType@BWAPI@@@std@@V?$allocator@U?$pair@$$CBVUnitType@BWAPI@@H@std@@@4@$0A@@std@@@std@@QAE@XZ 0040cae0 f i test.obj
 0001:0000baf0       ??1?$_Tree_val@V?$_Tset_traits@V?$basic_string@DU?$char_traits@D@std@@V?$allocator@D@2@@std@@U?$less@V?$basic_string@DU?$char_traits@D@std@@V?$allocator@D@2@@std@@@2@V?$allocator@V?$basic_string@DU?$char_traits@D@std@@V?$allocator@D@2@@std@@@2@$0A@@std@@@std@@QAE@XZ 0040caf0 f i test.obj
 0001:0000baf0       ??1?$_Container_base_aux_alloc_real@V?$allocator@_N@std@@@std@@IAE@XZ 0040caf0 f i StarcraftData.obj
 0001:0000baf0       ??1?$_Vector_val@IV?$allocator@I@std@@@std@@QAE@XZ 0040caf0 f i StarcraftData.obj
 0001:0000baf0       ??1?$_Vector_val@V?$vector@_NV?$allocator@_N@std@@@std@@V?$allocator@V?$vector@_NV?$allocator@_N@std@@@std@@@2@@std@@QAE@XZ 0040caf0 f i StarcraftData.obj
 0001:0000baf0       ??1?$_Vector_val@VStarcraftAction@BuildOrderSearch@@V?$allocator@VStarcraftAction@BuildOrderSearch@@@std@@@std@@QAE@XZ 0040caf0 f i StarcraftData.obj
 0001:0000baf0       ??1?$_Vector_val@VStarcraftSearchConstraint@BuildOrderSearch@@V?$allocator@VStarcraftSearchConstraint@BuildOrderSearch@@@std@@@std@@QAE@XZ 0040caf0 f i test.obj
 0001:0000baf0       ??1?$_Vector_val@VBitSet@BuildOrderSearch@@V?$allocator@VBitSet@BuildOrderSearch@@@std@@@std@@QAE@XZ 0040caf0 f i StarcraftData.obj
 0001:0000baf0       ??1?$_Vector_val@VMacroAction@BuildOrderSearch@@V?$allocator@VMacroAction@BuildOrderSearch@@@std@@@std@@QAE@XZ 0040caf0 f i StarcraftData.obj
 0001:0000baf0       ??1?$_Vector_val@HV?$allocator@H@std@@@std@@QAE@XZ 0040caf0 f i test.obj
 0001:0000baf0       ??1?$_Vector_val@EV?$allocator@E@std@@@std@@QAE@XZ 0040caf0 f i StarcraftData.obj
 0001:0000baf0       ??1?$_Vector_val@VStarcraftState@BuildOrderSearch@@V?$allocator@VStarcraftState@BuildOrderSearch@@@std@@@std@@QAE@XZ 0040caf0 f i test.obj
 0001:0000baf0       ??1?$_Tree_val@V?$_Tset_traits@U?$pair@V?$basic_string@DU?$char_traits@D@std@@V?$allocator@D@2@@std@@V12@@std@@U?$less@U?$pair@V?$basic_string@DU?$char_traits@D@std@@V?$allocator@D@2@@std@@V12@@std@@@2@V?$allocator@U?$pair@V?$basic_string@DU?$char_traits@D@std@@V?$allocator@D@2@@std@@V12@@std@@@2@$0A@@std@@@std@@QAE@XZ 0040caf0 f i test.obj
 0001:0000baf0       ??1?$_Vector_val@U?$pair@HH@std@@V?$allocator@U?$pair@HH@std@@@2@@std@@QAE@XZ 0040caf0 f i test.obj
 0001:0000bb00       ??0?$vector@VBitSet@BuildOrderSearch@@V?$allocator@VBitSet@BuildOrderSearch@@@std@@@std@@QAE@I@Z 0040cb00 f i test.obj
 0001:0000bb70       ?clear@?$vector@VBitSet@BuildOrderSearch@@V?$allocator@VBitSet@BuildOrderSearch@@@std@@@std@@QAEXXZ 0040cb70 f i test.obj
 0001:0000bb70       ?clear@?$vector@U?$pair@HH@std@@V?$allocator@U?$pair@HH@std@@@2@@std@@QAEXXZ 0040cb70 f i test.obj
 0001:0000bbc0       ?insert@?$vector@EV?$allocator@E@std@@@std@@QAE?AV?$_Vector_iterator@EV?$allocator@E@std@@@2@V?$_Vector_const_iterator@EV?$allocator@E@std@@@2@ABE@Z 0040cbc0 f i test.obj
 0001:0000bc70       ?clear@?$vector@EV?$allocator@E@std@@@std@@QAEXXZ 0040cc70 f i test.obj
 0001:0000bcc0       ?_Ufill@?$vector@EV?$allocator@E@std@@@std@@IAEPAEPAEIABE@Z 0040ccc0 f i test.obj
 0001:0000bce0       ?insert@?$vector@VStarcraftAction@BuildOrderSearch@@V?$allocator@VStarcraftAction@BuildOrderSearch@@@std@@@std@@QAE?AV?$_Vector_iterator@VStarcraftAction@BuildOrderSearch@@V?$allocator@VStarcraftAction@BuildOrderSearch@@@std@@@2@V?$_Vector_const_iterator@VStarcraftAction@BuildOrderSearch@@V?$allocator@VStarcraftAction@BuildOrderSearch@@@std@@@2@ABVStarcraftAction@BuildOrderSearch@@@Z 0040cce0 f i test.obj
 0001:0000bdb0       ?_Ufill@?$vector@VStarcraftAction@BuildOrderSearch@@V?$allocator@VStarcraftAction@BuildOrderSearch@@@std@@@std@@IAEPAVStarcraftAction@BuildOrderSearch@@PAV34@IABV34@@Z 0040cdb0 f i test.obj
 0001:0000bde0       ?insert@?$vector@VMacroAction@BuildOrderSearch@@V?$allocator@VMacroAction@BuildOrderSearch@@@std@@@std@@QAE?AV?$_Vector_iterator@VMacroAction@BuildOrderSearch@@V?$allocator@VMacroAction@BuildOrderSearch@@@std@@@2@V?$_Vector_const_iterator@VMacroAction@BuildOrderSearch@@V?$allocator@VMacroAction@BuildOrderSearch@@@std@@@2@ABVMacroAction@BuildOrderSearch@@@Z 0040cde0 f i test.obj
 0001:0000bea0       ?_Ufill@?$vector@VMacroAction@BuildOrderSearch@@V?$allocator@VMacroAction@BuildOrderSearch@@@std@@@std@@IAEPAVMacroAction@BuildOrderSearch@@PAV34@IABV34@@Z 0040cea0 f i test.obj
 0001:0000bed0       ?getDependency@?$DependencyGraph@_N@BuildOrderSearch@@AAE?AVBitSet@2@H@Z 0040ced0 f i test.obj
 0001:0000c010       ??0?$vector@V?$vector@_NV?$allocator@_N@std@@@std@@V?$allocator@V?$vector@_NV?$allocator@_N@std@@@std@@@2@@std@@QAE@IABV?$vector@_NV?$allocator@_N@std@@@1@@Z 0040d010 f i test.obj
 0001:0000c080       ??0?$vector@V?$vector@_NV?$allocator@_N@std@@@std@@V?$allocator@V?$vector@_NV?$allocator@_N@std@@@std@@@2@@std@@QAE@ABV01@@Z 0040d080 f i test.obj
 0001:0000c190       ?clear@?$vector@V?$vector@_NV?$allocator@_N@std@@@std@@V?$allocator@V?$vector@_NV?$allocator@_N@std@@@std@@@2@@std@@QAEXXZ 0040d190 f i test.obj
 0001:0000c1e0       ?_Copy@?$_Tree@V?$_Tmap_traits@VUnitType@BWAPI@@HU?$less@VUnitType@BWAPI@@@std@@V?$allocator@U?$pair@$$CBVUnitType@BWAPI@@H@std@@@4@$0A@@std@@@std@@IAEXABV12@@Z 0040d1e0 f i test.obj
 0001:0000c250       ?_Tidy@?$_Tree@V?$_Tmap_traits@VUnitType@BWAPI@@HU?$less@VUnitType@BWAPI@@@std@@V?$allocator@U?$pair@$$CBVUnitType@BWAPI@@H@std@@@4@$0A@@std@@@std@@IAEXXZ 0040d250 f i test.obj
 0001:0000c290       ?clear@?$vector@VStarcraftSearchConstraint@BuildOrderSearch@@V?$allocator@VStarcraftSearchConstraint@BuildOrderSearch@@@std@@@std@@QAEXXZ 0040d290 f i test.obj
 0001:0000c2e0       ?_Buy@?$vector@VStarcraftSearchConstraint@BuildOrderSearch@@V?$allocator@VStarcraftSearchConstraint@BuildOrderSearch@@@std@@@std@@IAE_NI@Z 0040d2e0 f i test.obj
 0001:0000c310       ?_Tidy@?$vector@U?$pair@HH@std@@V?$allocator@U?$pair@HH@std@@@2@@std@@IAEXXZ 0040d310 f i test.obj
 0001:0000c310       ?_Tidy@?$vector@VStarcraftSearchConstraint@BuildOrderSearch@@V?$allocator@VStarcraftSearchConstraint@BuildOrderSearch@@@std@@@std@@IAEXXZ 0040d310 f i test.obj
 0001:0000c310       ?_Tidy@?$vector@VBitSet@BuildOrderSearch@@V?$allocator@VBitSet@BuildOrderSearch@@@std@@@std@@IAEXXZ 0040d310 f i StarcraftData.obj
 0001:0000c340       ?insert@?$vector@U?$pair@HH@std@@V?$allocator@U?$pair@HH@std@@@2@@std@@QAE?AV?$_Vector_iterator@U?$pair@HH@std@@V?$allocator@U?$pair@HH@std@@@2@@2@V?$_Vector_const_iterator@U?$pair@HH@std@@V?$allocator@U?$pair@HH@std@@@2@@2@ABU?$pair@HH@2@@Z 0040d340 f i test.obj
 0001:0000c3f0       ??0?$_Tree@V?$_Tset_traits@V?$basic_string@DU?$char_traits@D@std@@V?$allocator@D@2@@std@@U?$less@V?$basic_string@DU?$char_traits@D@std@@V?$allocator@D@2@@std@@@2@V?$allocator@V?$basic_string@DU?$char_traits@D@std@@V?$allocator@D@2@@std@@@2@$0A@@std@@@std@@QAE@ABU?$less@V?$basic_string@DU?$char_traits@D@std@@V?$allocator@D@2@@std@@@1@ABV?$allocator@V?$basic_string@DU?$char_traits@D@std@@V?$allocator@D@2@@std@@@1@@Z 0040d3f0 f i test.obj
 0001:0000c470       ?_Tidy@?$_Tree@V?$_Tset_traits@V?$basic_string@DU?$char_traits@D@std@@V?$allocator@D@2@@std@@U?$less@V?$basic_string@DU?$char_traits@D@std@@V?$allocator@D@2@@std@@@2@V?$allocator@V?$basic_string@DU?$char_traits@D@std@@V?$allocator@D@2@@std@@@2@$0A@@std@@@std@@IAEXXZ 0040d470 f i test.obj
 0001:0000c4b0       ??0?$_Tree@V?$_Tset_traits@U?$pair@V?$basic_string@DU?$char_traits@D@std@@V?$allocator@D@2@@std@@V12@@std@@U?$less@U?$pair@V?$basic_string@DU?$char_traits@D@std@@V?$allocator@D@2@@std@@V12@@std@@@2@V?$allocator@U?$pair@V?$basic_string@DU?$char_traits@D@std@@V?$allocator@D@2@@std@@V12@@std@@@2@$0A@@std@@@std@@QAE@ABU?$less@U?$pair@V?$basic_string@DU?$char_traits@D@std@@V?$allocator@D@2@@std@@V12@@std@@@1@ABV?$allocator@U?$pair@V?$basic_string@DU?$char_traits@D@std@@V?$allocator@D@2@@std@@V12@@std@@@1@@Z 0040d4b0 f i test.obj
 0001:0000c530       ?_Tidy@?$_Tree@V?$_Tset_traits@U?$pair@V?$basic_string@DU?$char_traits@D@std@@V?$allocator@D@2@@std@@V12@@std@@U?$less@U?$pair@V?$basic_string@DU?$char_traits@D@std@@V?$allocator@D@2@@std@@V12@@std@@@2@V?$allocator@U?$pair@V?$basic_string@DU?$char_traits@D@std@@V?$allocator@D@2@@std@@V12@@std@@@2@$0A@@std@@@std@@IAEXXZ 0040d530 f i test.obj
 0001:0000c570       ?insert@?$vector@VStarcraftState@BuildOrderSearch@@V?$allocator@VStarcraftState@BuildOrderSearch@@@std@@@std@@QAE?AV?$_Vector_iterator@VStarcraftState@BuildOrderSearch@@V?$allocator@VStarcraftState@BuildOrderSearch@@@std@@@2@V?$_Vector_const_iterator@VStarcraftState@BuildOrderSearch@@V?$allocator@VStarcraftState@BuildOrderSearch@@@std@@@2@ABVStarcraftState@BuildOrderSearch@@@Z 0040d570 f i test.obj
 0001:0000c640       ?_Ufill@?$vector@VStarcraftState@BuildOrderSearch@@V?$allocator@VStarcraftState@BuildOrderSearch@@@std@@@std@@IAEPAVStarcraftState@BuildOrderSearch@@PAV34@IABV34@@Z 0040d640 f i test.obj
 0001:0000c670       ??0sentry@?$basic_ostream@DU?$char_traits@D@std@@@std@@QAE@AAV12@@Z 0040d670 f i test.obj
 0001:0000c700       ??1sentry@?$basic_ostream@DU?$char_traits@D@std@@@std@@QAE@XZ 0040d700 f i test.obj
 0001:0000c770       ??0?$vector@_NV?$allocator@_N@std@@@std@@QAE@I_N@Z 0040d770 f i test.obj
 0001:0000c7f0       ?_Construct_n@?$vector@VBitSet@BuildOrderSearch@@V?$allocator@VBitSet@BuildOrderSearch@@@std@@@std@@QAEXIABVBitSet@BuildOrderSearch@@@Z 0040d7f0 f i test.obj
 0001:0000c8a0       ?erase@?$vector@VBitSet@BuildOrderSearch@@V?$allocator@VBitSet@BuildOrderSearch@@@std@@@std@@QAE?AV?$_Vector_iterator@VBitSet@BuildOrderSearch@@V?$allocator@VBitSet@BuildOrderSearch@@@std@@@2@V?$_Vector_const_iterator@VBitSet@BuildOrderSearch@@V?$allocator@VBitSet@BuildOrderSearch@@@std@@@2@0@Z 0040d8a0 f i test.obj
 0001:0000c8a0       ?erase@?$vector@U?$pair@HH@std@@V?$allocator@U?$pair@HH@std@@@2@@std@@QAE?AV?$_Vector_iterator@U?$pair@HH@std@@V?$allocator@U?$pair@HH@std@@@2@@2@V?$_Vector_const_iterator@U?$pair@HH@std@@V?$allocator@U?$pair@HH@std@@@2@@2@0@Z 0040d8a0 f i test.obj
 0001:0000c940       ?erase@?$vector@EV?$allocator@E@std@@@std@@QAE?AV?$_Vector_iterator@EV?$allocator@E@std@@@2@V?$_Vector_const_iterator@EV?$allocator@E@std@@@2@0@Z 0040d940 f i test.obj
 0001:0000c9d0       ?_Insert_n@?$vector@EV?$allocator@E@std@@@std@@IAEXV?$_Vector_const_iterator@EV?$allocator@E@std@@@2@IABE@Z 0040d9d0 f i test.obj
 0001:0000cb70       ?allocate@?$allocator@E@std@@QAEPAEI@Z 0040db70 f i test.obj
 0001:0000cbc0       ?_Insert_n@?$vector@VStarcraftAction@BuildOrderSearch@@V?$allocator@VStarcraftAction@BuildOrderSearch@@@std@@@std@@IAEXV?$_Vector_const_iterator@VStarcraftAction@BuildOrderSearch@@V?$allocator@VStarcraftAction@BuildOrderSearch@@@std@@@2@IABVStarcraftAction@BuildOrderSearch@@@Z 0040dbc0 f i test.obj
 0001:0000cf10       ?_Insert_n@?$vector@VMacroAction@BuildOrderSearch@@V?$allocator@VMacroAction@BuildOrderSearch@@@std@@@std@@IAEXV?$_Vector_const_iterator@VMacroAction@BuildOrderSearch@@V?$allocator@VMacroAction@BuildOrderSearch@@@std@@@2@IABVMacroAction@BuildOrderSearch@@@Z 0040df10 f i test.obj
 0001:0000d180       ?_Construct_n@?$vector@V?$vector@_NV?$allocator@_N@std@@@std@@V?$allocator@V?$vector@_NV?$allocator@_N@std@@@std@@@2@@std@@QAEXIABV?$vector@_NV?$allocator@_N@std@@@2@@Z 0040e180 f i test.obj
 0001:0000d240       ?erase@?$vector@V?$vector@_NV?$allocator@_N@std@@@std@@V?$allocator@V?$vector@_NV?$allocator@_N@std@@@std@@@2@@std@@QAE?AV?$_Vector_iterator@V?$vector@_NV?$allocator@_N@std@@@std@@V?$allocator@V?$vector@_NV?$allocator@_N@std@@@std@@@2@@2@V?$_Vector_const_iterator@V?$vector@_NV?$allocator@_N@std@@@std@@V?$allocator@V?$vector@_NV?$allocator@_N@std@@@std@@@2@@2@0@Z 0040e240 f i test.obj
 0001:0000d2e0       ?erase@?$_Tree@V?$_Tmap_traits@VUnitType@BWAPI@@HU?$less@VUnitType@BWAPI@@@std@@V?$allocator@U?$pair@$$CBVUnitType@BWAPI@@H@std@@@4@$0A@@std@@@std@@QAE?AViterator@12@Vconst_iterator@12@0@Z 0040e2e0 f i test.obj
 0001:0000d3c0       ?_Copy@?$_Tree@V?$_Tmap_traits@VUnitType@BWAPI@@HU?$less@VUnitType@BWAPI@@@std@@V?$allocator@U?$pair@$$CBVUnitType@BWAPI@@H@std@@@4@$0A@@std@@@std@@IAEPAU_Node@?$_Tree_nod@V?$_Tmap_traits@VUnitType@BWAPI@@HU?$less@VUnitType@BWAPI@@@std@@V?$allocator@U?$pair@$$CBVUnitType@BWAPI@@H@std@@@4@$0A@@std@@@2@PAU342@0@Z 0040e3c0 f i test.obj
 0001:0000d480       ?_Max@?$_Tree@V?$_Tmap_traits@VUnitType@BWAPI@@HU?$less@VUnitType@BWAPI@@@std@@V?$allocator@U?$pair@$$CBVUnitType@BWAPI@@H@std@@@4@$0A@@std@@@std@@KAPAU_Node@?$_Tree_nod@V?$_Tmap_traits@VUnitType@BWAPI@@HU?$less@VUnitType@BWAPI@@@std@@V?$allocator@U?$pair@$$CBVUnitType@BWAPI@@H@std@@@4@$0A@@std@@@2@PAU342@@Z 0040e480 f i test.obj
 0001:0000d4a0       ?_Min@?$_Tree@V?$_Tmap_traits@VUnitType@BWAPI@@HU?$less@VUnitType@BWAPI@@@std@@V?$allocator@U?$pair@$$CBVUnitType@BWAPI@@H@std@@@4@$0A@@std@@@std@@KAPAU_Node@?$_Tree_nod@V?$_Tmap_traits@VUnitType@BWAPI@@HU?$less@VUnitType@BWAPI@@@std@@V?$allocator@U?$pair@$$CBVUnitType@BWAPI@@H@std@@@4@$0A@@std@@@2@PAU342@@Z 0040e4a0 f i test.obj
 0001:0000d4c0       ?_Buynode@?$_Tree@V?$_Tmap_traits@VUnitType@BWAPI@@HU?$less@VUnitType@BWAPI@@@std@@V?$allocator@U?$pair@$$CBVUnitType@BWAPI@@H@std@@@4@$0A@@std@@@std@@IAEPAU_Node@?$_Tree_nod@V?$_Tmap_traits@VUnitType@BWAPI@@HU?$less@VUnitType@BWAPI@@@std@@V?$allocator@U?$pair@$$CBVUnitType@BWAPI@@H@std@@@4@$0A@@std@@@2@XZ 0040e4c0 f i test.obj
 0001:0000d500       ?erase@?$vector@VStarcraftSearchConstraint@BuildOrderSearch@@V?$allocator@VStarcraftSearchConstraint@BuildOrderSearch@@@std@@@std@@QAE?AV?$_Vector_iterator@VStarcraftSearchConstraint@BuildOrderSearch@@V?$allocator@VStarcraftSearchConstraint@BuildOrderSearch@@@std@@@2@V?$_Vector_const_iterator@VStarcraftSearchConstraint@BuildOrderSearch@@V?$allocator@VStarcraftSearchConstraint@BuildOrderSearch@@@std@@@2@0@Z 0040e500 f i test.obj
 0001:0000d5c0       ?allocate@?$allocator@VStarcraftSearchConstraint@BuildOrderSearch@@@std@@QAEPAVStarcraftSearchConstraint@BuildOrderSearch@@I@Z 0040e5c0 f i test.obj
 0001:0000d620       ?_Insert_n@?$vector@U?$pair@HH@std@@V?$allocator@U?$pair@HH@std@@@2@@std@@IAEXV?$_Vector_const_iterator@U?$pair@HH@std@@V?$allocator@U?$pair@HH@std@@@2@@2@IABU?$pair@HH@2@@Z 0040e620 f i test.obj
 0001:0000d850       ?erase@?$_Tree@V?$_Tset_traits@V?$basic_string@DU?$char_traits@D@std@@V?$allocator@D@2@@std@@U?$less@V?$basic_string@DU?$char_traits@D@std@@V?$allocator@D@2@@std@@@2@V?$allocator@V?$basic_string@DU?$char_traits@D@std@@V?$allocator@D@2@@std@@@2@$0A@@std@@@std@@QAE?AViterator@12@Vconst_iterator@12@0@Z 0040e850 f i test.obj
 0001:0000d990       ?_Lrotate@?$_Tree@V?$_Tset_traits@V?$basic_string@DU?$char_traits@D@std@@V?$allocator@D@2@@std@@U?$less@V?$basic_string@DU?$char_traits@D@std@@V?$allocator@D@2@@std@@@2@V?$allocator@V?$basic_string@DU?$char_traits@D@std@@V?$allocator@D@2@@std@@@2@$0A@@std@@@std@@IAEXPAU_Node@?$_Tree_nod@V?$_Tset_traits@V?$basic_string@DU?$char_traits@D@std@@V?$allocator@D@2@@std@@U?$less@V?$basic_string@DU?$char_traits@D@std@@V?$allocator@D@2@@std@@@2@V?$allocator@V?$basic_string@DU?$char_traits@D@std@@V?$allocator@D@2@@std@@@2@$0A@@std@@@2@@Z 0040e990 f i test.obj
 0001:0000d9f0       ?_Rrotate@?$_Tree@V?$_Tset_traits@V?$basic_string@DU?$char_traits@D@std@@V?$allocator@D@2@@std@@U?$less@V?$basic_string@DU?$char_traits@D@std@@V?$allocator@D@2@@std@@@2@V?$allocator@V?$basic_string@DU?$char_traits@D@std@@V?$allocator@D@2@@std@@@2@$0A@@std@@@std@@IAEXPAU_Node@?$_Tree_nod@V?$_Tset_traits@V?$basic_string@DU?$char_traits@D@std@@V?$allocator@D@2@@std@@U?$less@V?$basic_string@DU?$char_traits@D@std@@V?$allocator@D@2@@std@@@2@V?$allocator@V?$basic_string@DU?$char_traits@D@std@@V?$allocator@D@2@@std@@@2@$0A@@std@@@2@@Z 0040e9f0 f i test.obj
 0001:0000da50       ?erase@?$_Tree@V?$_Tset_traits@U?$pair@V?$basic_string@DU?$char_traits@D@std@@V?$allocator@D@2@@std@@V12@@std@@U?$less@U?$pair@V?$basic_string@DU?$char_traits@D@std@@V?$allocator@D@2@@std@@V12@@std@@@2@V?$allocator@U?$pair@V?$basic_string@DU?$char_traits@D@std@@V?$allocator@D@2@@std@@V12@@std@@@2@$0A@@std@@@std@@QAE?AViterator@12@Vconst_iterator@12@0@Z 0040ea50 f i test.obj
 0001:0000db90       ?_Lrotate@?$_Tree@V?$_Tset_traits@U?$pair@V?$basic_string@DU?$char_traits@D@std@@V?$allocator@D@2@@std@@V12@@std@@U?$less@U?$pair@V?$basic_string@DU?$char_traits@D@std@@V?$allocator@D@2@@std@@V12@@std@@@2@V?$allocator@U?$pair@V?$basic_string@DU?$char_traits@D@std@@V?$allocator@D@2@@std@@V12@@std@@@2@$0A@@std@@@std@@IAEXPAU_Node@?$_Tree_nod@V?$_Tset_traits@U?$pair@V?$basic_string@DU?$char_traits@D@std@@V?$allocator@D@2@@std@@V12@@std@@U?$less@U?$pair@V?$basic_string@DU?$char_traits@D@std@@V?$allocator@D@2@@std@@V12@@std@@@2@V?$allocator@U?$pair@V?$basic_string@DU?$char_traits@D@std@@V?$allocator@D@2@@std@@V12@@std@@@2@$0A@@std@@@2@@Z 0040eb90 f i test.obj
 0001:0000dbf0       ?_Rrotate@?$_Tree@V?$_Tset_traits@U?$pair@V?$basic_string@DU?$char_traits@D@std@@V?$allocator@D@2@@std@@V12@@std@@U?$less@U?$pair@V?$basic_string@DU?$char_traits@D@std@@V?$allocator@D@2@@std@@V12@@std@@@2@V?$allocator@U?$pair@V?$basic_string@DU?$char_traits@D@std@@V?$allocator@D@2@@std@@V12@@std@@@2@$0A@@std@@@std@@IAEXPAU_Node@?$_Tree_nod@V?$_Tset_traits@U?$pair@V?$basic_string@DU?$char_traits@D@std@@V?$allocator@D@2@@std@@V12@@std@@U?$less@U?$pair@V?$basic_string@DU?$char_traits@D@std@@V?$allocator@D@2@@std@@V12@@std@@@2@V?$allocator@U?$pair@V?$basic_string@DU?$char_traits@D@std@@V?$allocator@D@2@@std@@V12@@std@@@2@$0A@@std@@@2@@Z 0040ebf0 f i test.obj
 0001:0000dc50       ?_Destroy@?$vector@VStarcraftState@BuildOrderSearch@@V?$allocator@VStarcraftState@BuildOrderSearch@@@std@@@std@@IAEXPAVStarcraftState@BuildOrderSearch@@0@Z 0040ec50 f i test.obj
 0001:0000dc70       ?_Insert_n@?$vector@VStarcraftState@BuildOrderSearch@@V?$allocator@VStarcraftState@BuildOrderSearch@@@std@@@std@@IAEXV?$_Vector_const_iterator@VStarcraftState@BuildOrderSearch@@V?$allocator@VStarcraftState@BuildOrderSearch@@@std@@@2@IABVStarcraftState@BuildOrderSearch@@@Z 0040ec70 f i test.obj
 0001:0000dff0       ?_Xlen@?$vector@VStarcraftState@BuildOrderSearch@@V?$allocator@VStarcraftState@BuildOrderSearch@@@std@@@std@@KAXXZ 0040eff0 f i test.obj
 0001:0000dff0       ?_Xlen@?$vector@VStarcraftSearchConstraint@BuildOrderSearch@@V?$allocator@VStarcraftSearchConstraint@BuildOrderSearch@@@std@@@std@@KAXXZ 0040eff0 f i test.obj
 0001:0000dff0       ?_Xlen@?$vector@IV?$allocator@I@std@@@std@@KAXXZ 0040eff0 f i test.obj
 0001:0000dff0       ?_Xlen@?$vector@HV?$allocator@H@std@@@std@@KAXXZ 0040eff0 f i test.obj
 0001:0000e070       ?allocate@?$allocator@VStarcraftState@BuildOrderSearch@@@std@@QAEPAVStarcraftState@BuildOrderSearch@@I@Z 0040f070 f i test.obj
 0001:0000e0d0       ??1_Sentry_base@?$basic_ostream@DU?$char_traits@D@std@@@std@@QAE@XZ 0040f0d0 f i test.obj
 0001:0000e0f0       ?_Trim@?$vector@_NV?$allocator@_N@std@@@std@@IAEXI@Z 0040f0f0 f i test.obj
 0001:0000e1e0       ??0?$vector@IV?$allocator@I@std@@@std@@QAE@IABI@Z 0040f1e0 f i test.obj
 0001:0000e250       ??0StarcraftAction@BuildOrderSearch@@QAE@ABV01@@Z 0040f250 f i test.obj
 0001:0000e360       ?erase@?$_Tree@V?$_Tmap_traits@VUnitType@BWAPI@@HU?$less@VUnitType@BWAPI@@@std@@V?$allocator@U?$pair@$$CBVUnitType@BWAPI@@H@std@@@4@$0A@@std@@@std@@QAE?AViterator@12@Vconst_iterator@12@@Z 0040f360 f i test.obj
 0001:0000e650       ?_Erase@?$_Tree@V?$_Tmap_traits@VUnitType@BWAPI@@HU?$less@VUnitType@BWAPI@@@std@@V?$allocator@U?$pair@$$CBVUnitType@BWAPI@@H@std@@@4@$0A@@std@@@std@@IAEXPAU_Node@?$_Tree_nod@V?$_Tmap_traits@VUnitType@BWAPI@@HU?$less@VUnitType@BWAPI@@@std@@V?$allocator@U?$pair@$$CBVUnitType@BWAPI@@H@std@@@4@$0A@@std@@@2@@Z 0040f650 f i test.obj
 0001:0000e690       ?_Buynode@?$_Tree@V?$_Tmap_traits@VUnitType@BWAPI@@HU?$less@VUnitType@BWAPI@@@std@@V?$allocator@U?$pair@$$CBVUnitType@BWAPI@@H@std@@@4@$0A@@std@@@std@@IAEPAU_Node@?$_Tree_nod@V?$_Tmap_traits@VUnitType@BWAPI@@HU?$less@VUnitType@BWAPI@@@std@@V?$allocator@U?$pair@$$CBVUnitType@BWAPI@@H@std@@@4@$0A@@std@@@2@PAU342@00ABU?$pair@$$CBVUnitType@BWAPI@@H@2@D@Z 0040f690 f i test.obj
 0001:0000e6d0       ?_Inc@const_iterator@?$_Tree@V?$_Tmap_traits@VUnitType@BWAPI@@HU?$less@VUnitType@BWAPI@@@std@@V?$allocator@U?$pair@$$CBVUnitType@BWAPI@@H@std@@@4@$0A@@std@@@std@@QAEXXZ 0040f6d0 f i test.obj
 0001:0000e740       ?erase@?$_Tree@V?$_Tset_traits@V?$basic_string@DU?$char_traits@D@std@@V?$allocator@D@2@@std@@U?$less@V?$basic_string@DU?$char_traits@D@std@@V?$allocator@D@2@@std@@@2@V?$allocator@V?$basic_string@DU?$char_traits@D@std@@V?$allocator@D@2@@std@@@2@$0A@@std@@@std@@QAE?AViterator@12@Vconst_iterator@12@@Z 0040f740 f i test.obj
 0001:0000ea50       ?_Buynode@?$_Tree@V?$_Tset_traits@V?$basic_string@DU?$char_traits@D@std@@V?$allocator@D@2@@std@@U?$less@V?$basic_string@DU?$char_traits@D@std@@V?$allocator@D@2@@std@@@2@V?$allocator@V?$basic_string@DU?$char_traits@D@std@@V?$allocator@D@2@@std@@@2@$0A@@std@@@std@@IAEPAU_Node@?$_Tree_nod@V?$_Tset_traits@V?$basic_string@DU?$char_traits@D@std@@V?$allocator@D@2@@std@@U?$less@V?$basic_string@DU?$char_traits@D@std@@V?$allocator@D@2@@std@@@2@V?$allocator@V?$basic_string@DU?$char_traits@D@std@@V?$allocator@D@2@@std@@@2@$0A@@std@@@2@XZ 0040fa50 f i test.obj
 0001:0000ea90       ?erase@?$_Tree@V?$_Tset_traits@U?$pair@V?$basic_string@DU?$char_traits@D@std@@V?$allocator@D@2@@std@@V12@@std@@U?$less@U?$pair@V?$basic_string@DU?$char_traits@D@std@@V?$allocator@D@2@@std@@V12@@std@@@2@V?$allocator@U?$pair@V?$basic_string@DU?$char_traits@D@std@@V?$allocator@D@2@@std@@V12@@std@@@2@$0A@@std@@@std@@QAE?AViterator@12@Vconst_iterator@12@@Z 0040fa90 f i test.obj
 0001:0000edb0       ?_Buynode@?$_Tree@V?$_Tset_traits@U?$pair@V?$basic_string@DU?$char_traits@D@std@@V?$allocator@D@2@@std@@V12@@std@@U?$less@U?$pair@V?$basic_string@DU?$char_traits@D@std@@V?$allocator@D@2@@std@@V12@@std@@@2@V?$allocator@U?$pair@V?$basic_string@DU?$char_traits@D@std@@V?$allocator@D@2@@std@@V12@@std@@@2@$0A@@std@@@std@@IAEPAU_Node@?$_Tree_nod@V?$_Tset_traits@U?$pair@V?$basic_string@DU?$char_traits@D@std@@V?$allocator@D@2@@std@@V12@@std@@U?$less@U?$pair@V?$basic_string@DU?$char_traits@D@std@@V?$allocator@D@2@@std@@V12@@std@@@2@V?$allocator@U?$pair@V?$basic_string@DU?$char_traits@D@std@@V?$allocator@D@2@@std@@V12@@std@@@2@$0A@@std@@@2@XZ 0040fdb0 f i test.obj
 0001:0000edf0       ?_Xlen@?$vector@_NV?$allocator@_N@std@@@std@@IBEXXZ 0040fdf0 f i test.obj
 0001:0000ee70       ?_Construct_n@?$vector@IV?$allocator@I@std@@@std@@QAEXIABI@Z 0040fe70 f i test.obj
 0001:0000ee70       ?_Construct_n@?$vector@HV?$allocator@H@std@@@std@@QAEXIABH@Z 0040fe70 f i test.obj
 0001:0000eed0       ?erase@?$vector@IV?$allocator@I@std@@@std@@QAE?AV?$_Vector_iterator@IV?$allocator@I@std@@@2@V?$_Vector_const_iterator@IV?$allocator@I@std@@@2@0@Z 0040fed0 f i test.obj
 0001:0000ef70       ?_Lrotate@?$_Tree@V?$_Tmap_traits@VUnitType@BWAPI@@HU?$less@VUnitType@BWAPI@@@std@@V?$allocator@U?$pair@$$CBVUnitType@BWAPI@@H@std@@@4@$0A@@std@@@std@@IAEXPAU_Node@?$_Tree_nod@V?$_Tmap_traits@VUnitType@BWAPI@@HU?$less@VUnitType@BWAPI@@@std@@V?$allocator@U?$pair@$$CBVUnitType@BWAPI@@H@std@@@4@$0A@@std@@@2@@Z 0040ff70 f i test.obj
 0001:0000efd0       ?_Rrotate@?$_Tree@V?$_Tmap_traits@VUnitType@BWAPI@@HU?$less@VUnitType@BWAPI@@@std@@V?$allocator@U?$pair@$$CBVUnitType@BWAPI@@H@std@@@4@$0A@@std@@@std@@IAEXPAU_Node@?$_Tree_nod@V?$_Tmap_traits@VUnitType@BWAPI@@HU?$less@VUnitType@BWAPI@@@std@@V?$allocator@U?$pair@$$CBVUnitType@BWAPI@@H@std@@@4@$0A@@std@@@2@@Z 0040ffd0 f i test.obj
 0001:0000f030       ?_Erase@?$_Tree@V?$_Tset_traits@V?$basic_string@DU?$char_traits@D@std@@V?$allocator@D@2@@std@@U?$less@V?$basic_string@DU?$char_traits@D@std@@V?$allocator@D@2@@std@@@2@V?$allocator@V?$basic_string@DU?$char_traits@D@std@@V?$allocator@D@2@@std@@@2@$0A@@std@@@std@@IAEXPAU_Node@?$_Tree_nod@V?$_Tset_traits@V?$basic_string@DU?$char_traits@D@std@@V?$allocator@D@2@@std@@U?$less@V?$basic_string@DU?$char_traits@D@std@@V?$allocator@D@2@@std@@@2@V?$allocator@V?$basic_string@DU?$char_traits@D@std@@V?$allocator@D@2@@std@@@2@$0A@@std@@@2@@Z 00410030 f i test.obj
 0001:0000f080       ?_Erase@?$_Tree@V?$_Tset_traits@U?$pair@V?$basic_string@DU?$char_traits@D@std@@V?$allocator@D@2@@std@@V12@@std@@U?$less@U?$pair@V?$basic_string@DU?$char_traits@D@std@@V?$allocator@D@2@@std@@V12@@std@@@2@V?$allocator@U?$pair@V?$basic_string@DU?$char_traits@D@std@@V?$allocator@D@2@@std@@V12@@std@@@2@$0A@@std@@@std@@IAEXPAU_Node@?$_Tree_nod@V?$_Tset_traits@U?$pair@V?$basic_string@DU?$char_traits@D@std@@V?$allocator@D@2@@std@@V12@@std@@U?$less@U?$pair@V?$basic_string@DU?$char_traits@D@std@@V?$allocator@D@2@@std@@V12@@std@@@2@V?$allocator@U?$pair@V?$basic_string@DU?$char_traits@D@std@@V?$allocator@D@2@@std@@V12@@std@@@2@$0A@@std@@@2@@Z 00410080 f i test.obj
 0001:0000f110       ?_Buy@?$vector@IV?$allocator@I@std@@@std@@IAE_NI@Z 00410110 f i test.obj
 0001:0000f150       ??Y?$_Vb_const_iterator@IHV?$vector@_NV?$allocator@_N@std@@@std@@@std@@QAEAAV01@H@Z 00410150 f i test.obj
 0001:0000f250       ?_Inc@const_iterator@?$_Tree@V?$_Tset_traits@V?$basic_string@DU?$char_traits@D@std@@V?$allocator@D@2@@std@@U?$less@V?$basic_string@DU?$char_traits@D@std@@V?$allocator@D@2@@std@@@2@V?$allocator@V?$basic_string@DU?$char_traits@D@std@@V?$allocator@D@2@@std@@@2@$0A@@std@@@std@@QAEXXZ 00410250 f i test.obj
 0001:0000f2c0       ?_Inc@const_iterator@?$_Tree@V?$_Tset_traits@U?$pair@V?$basic_string@DU?$char_traits@D@std@@V?$allocator@D@2@@std@@V12@@std@@U?$less@U?$pair@V?$basic_string@DU?$char_traits@D@std@@V?$allocator@D@2@@std@@V12@@std@@@2@V?$allocator@U?$pair@V?$basic_string@DU?$char_traits@D@std@@V?$allocator@D@2@@std@@V12@@std@@@2@$0A@@std@@@std@@QAEXXZ 004102c0 f i test.obj
 0001:0000f330       ?allocate@?$allocator@I@std@@QAEPAII@Z 00410330 f i test.obj
 0001:0000f330       ?allocate@?$allocator@H@std@@QAEPAHI@Z 00410330 f i test.obj
 0001:0000f390       ??$?6U?$char_traits@D@std@@@std@@YAAAV?$basic_ostream@DU?$char_traits@D@std@@@0@AAV10@PBD@Z 00410390 f i test.obj
 0001:0000f550       ??$?6U?$char_traits@D@std@@@std@@YAAAV?$basic_ostream@DU?$char_traits@D@std@@@0@AAV10@D@Z 00410550 f i test.obj
 0001:0000f6f0       ??$unchecked_copy@PAVBitSet@BuildOrderSearch@@PAV12@@stdext@@YAPAVBitSet@BuildOrderSearch@@PAV12@00@Z 004106f0 f i test.obj
 0001:0000f6f0       ??$unchecked_copy@PAU?$pair@HH@std@@PAU12@@stdext@@YAPAU?$pair@HH@std@@PAU12@00@Z 004106f0 f i test.obj
 0001:0000f720       ??$_Umove@PAU?$pair@HH@std@@@?$vector@U?$pair@HH@std@@V?$allocator@U?$pair@HH@std@@@2@@std@@IAEPAU?$pair@HH@1@PAU21@00@Z 00410720 f i test.obj
 0001:0000f720       ??$_Ucopy@PAU?$pair@HH@std@@@?$vector@U?$pair@HH@std@@V?$allocator@U?$pair@HH@std@@@2@@std@@IAEPAU?$pair@HH@1@PAU21@00@Z 00410720 f i test.obj
 0001:0000f720       ??$_Ucopy@PAVBitSet@BuildOrderSearch@@@?$vector@VBitSet@BuildOrderSearch@@V?$allocator@VBitSet@BuildOrderSearch@@@std@@@std@@IAEPAVBitSet@BuildOrderSearch@@PAV23@00@Z 00410720 f i test.obj
 0001:0000f750       ??$_Ucopy@V?$_Vector_const_iterator@EV?$allocator@E@std@@@std@@@?$vector@EV?$allocator@E@std@@@std@@IAEPAEV?$_Vector_const_iterator@EV?$allocator@E@std@@@1@0PAE@Z 00410750 f i test.obj
 0001:0000f780       ??$_Ucopy@PAE@?$vector@EV?$allocator@E@std@@@std@@IAEPAEPAE00@Z 00410780 f i test.obj
 0001:0000f7a0       ??$unchecked_copy@PAV?$vector@_NV?$allocator@_N@std@@@std@@PAV12@@stdext@@YAPAV?$vector@_NV?$allocator@_N@std@@@std@@PAV12@00@Z 004107a0 f i test.obj
 0001:0000f7d0       ??$_Ucopy@PAV?$vector@_NV?$allocator@_N@std@@@std@@@?$vector@V?$vector@_NV?$allocator@_N@std@@@std@@V?$allocator@V?$vector@_NV?$allocator@_N@std@@@std@@@2@@std@@IAEPAV?$vector@_NV?$allocator@_N@std@@@1@PAV21@00@Z 004107d0 f i test.obj
 0001:0000f800       ??$unchecked_copy@PAVStarcraftSearchConstraint@BuildOrderSearch@@PAV12@@stdext@@YAPAVStarcraftSearchConstraint@BuildOrderSearch@@PAV12@00@Z 00410800 f i test.obj
 0001:0000f850       ??$_Ucopy@PAVStarcraftSearchConstraint@BuildOrderSearch@@@?$vector@VStarcraftSearchConstraint@BuildOrderSearch@@V?$allocator@VStarcraftSearchConstraint@BuildOrderSearch@@@std@@@std@@IAEPAVStarcraftSearchConstraint@BuildOrderSearch@@PAV23@00@Z 00410850 f i test.obj
 0001:0000f880       ??$_Ucopy@V?$_Vector_const_iterator@U?$pair@HH@std@@V?$allocator@U?$pair@HH@std@@@2@@std@@@?$vector@U?$pair@HH@std@@V?$allocator@U?$pair@HH@std@@@2@@std@@IAEPAU?$pair@HH@1@V?$_Vector_const_iterator@U?$pair@HH@std@@V?$allocator@U?$pair@HH@std@@@2@@1@0PAU21@@Z 00410880 f i test.obj
 0001:0000f8b0       ??$_Umove@PAVStarcraftAction@BuildOrderSearch@@@?$vector@VStarcraftAction@BuildOrderSearch@@V?$allocator@VStarcraftAction@BuildOrderSearch@@@std@@@std@@IAEPAVStarcraftAction@BuildOrderSearch@@PAV23@00@Z 004108b0 f i test.obj
 0001:0000f8e0       ??$fill@PAVStarcraftAction@BuildOrderSearch@@V12@@std@@YAXPAVStarcraftAction@BuildOrderSearch@@0ABV12@@Z 004108e0 f i test.obj
 0001:0000f910       ??$_Umove@PAVMacroAction@BuildOrderSearch@@@?$vector@VMacroAction@BuildOrderSearch@@V?$allocator@VMacroAction@BuildOrderSearch@@@std@@@std@@IAEPAVMacroAction@BuildOrderSearch@@PAV23@00@Z 00410910 f i test.obj
 0001:0000f940       ??$fill@PAVMacroAction@BuildOrderSearch@@V12@@std@@YAXPAVMacroAction@BuildOrderSearch@@0ABV12@@Z 00410940 f i test.obj
 0001:0000f970       ??$_Unchecked_move_backward@PAVMacroAction@BuildOrderSearch@@PAV12@@stdext@@YAPAVMacroAction@BuildOrderSearch@@PAV12@00@Z 00410970 f i test.obj
 0001:0000f9b0       ??$_Unchecked_move_backward@PAU?$pair@HH@std@@PAU12@@stdext@@YAPAU?$pair@HH@std@@PAU12@00@Z 004109b0 f i test.obj
 0001:0000f9f0       ??$_Umove@PAVStarcraftState@BuildOrderSearch@@@?$vector@VStarcraftState@BuildOrderSearch@@V?$allocator@VStarcraftState@BuildOrderSearch@@@std@@@std@@IAEPAVStarcraftState@BuildOrderSearch@@PAV23@00@Z 004109f0 f i test.obj
 0001:0000fa20       ??$unchecked_copy@PAIPAI@stdext@@YAPAIPAI00@Z 00410a20 f i test.obj
 0001:0000fa50       ??$_Sort@PAVActionInProgress@BuildOrderSearch@@H@std@@YAXPAVActionInProgress@BuildOrderSearch@@0H@Z 00410a50 f i test.obj
 0001:0000fb20       ??$_Copy_opt@PAV?$vector@_NV?$allocator@_N@std@@@std@@PAV12@@std@@YAPAV?$vector@_NV?$allocator@_N@std@@@0@PAV10@00Urandom_access_iterator_tag@0@U_Nonscalar_ptr_iterator_tag@0@U_Range_checked_iterator_tag@0@@Z 00410b20 f i test.obj
 0001:0000fb90       ??$_Uninit_fill_n@PAVStarcraftAction@BuildOrderSearch@@IV12@V?$allocator@VStarcraftAction@BuildOrderSearch@@@std@@@std@@YAXPAVStarcraftAction@BuildOrderSearch@@IABV12@AAV?$allocator@VStarcraftAction@BuildOrderSearch@@@0@U_Nonscalar_ptr_iterator_tag@0@U_Range_checked_iterator_tag@0@@Z 00410b90 f i test.obj
 0001:0000fc30       ??$_Uninit_fill_n@PAVMacroAction@BuildOrderSearch@@IV12@V?$allocator@VMacroAction@BuildOrderSearch@@@std@@@std@@YAXPAVMacroAction@BuildOrderSearch@@IABV12@AAV?$allocator@VMacroAction@BuildOrderSearch@@@0@U_Nonscalar_ptr_iterator_tag@0@U_Range_checked_iterator_tag@0@@Z 00410c30 f i test.obj
 0001:0000fcd0       ??$_Uninit_fill_n@PAVStarcraftState@BuildOrderSearch@@IV12@V?$allocator@VStarcraftState@BuildOrderSearch@@@std@@@std@@YAXPAVStarcraftState@BuildOrderSearch@@IABV12@AAV?$allocator@VStarcraftState@BuildOrderSearch@@@0@U_Nonscalar_ptr_iterator_tag@0@U_Range_checked_iterator_tag@0@@Z 00410cd0 f i test.obj
 0001:0000fd70       ??$_Destroy_range@V?$allocator@VStarcraftState@BuildOrderSearch@@@std@@@std@@YAXPAVStarcraftState@BuildOrderSearch@@0AAV?$allocator@VStarcraftState@BuildOrderSearch@@@0@U_Nonscalar_ptr_iterator_tag@0@@Z 00410d70 f i test.obj
 0001:0000fde0       ??$_Uninit_fill_n@PAU?$pair@HH@std@@IU12@V?$allocator@U?$pair@HH@std@@@2@@std@@YAXPAU?$pair@HH@0@IABU10@AAV?$allocator@U?$pair@HH@std@@@0@U_Nonscalar_ptr_iterator_tag@0@U_Range_checked_iterator_tag@0@@Z 00410de0 f i test.obj
 0001:0000fde0       ??$_Uninit_fill_n@PAVBitSet@BuildOrderSearch@@IV12@V?$allocator@VBitSet@BuildOrderSearch@@@std@@@std@@YAXPAVBitSet@BuildOrderSearch@@IABV12@AAV?$allocator@VBitSet@BuildOrderSearch@@@0@U_Nonscalar_ptr_iterator_tag@0@U_Range_checked_iterator_tag@0@@Z 00410de0 f i test.obj
 0001:0000fe00       ??$_Uninit_fill_n@PAV?$vector@_NV?$allocator@_N@std@@@std@@IV12@V?$allocator@V?$vector@_NV?$allocator@_N@std@@@std@@@2@@std@@YAXPAV?$vector@_NV?$allocator@_N@std@@@0@IABV10@AAV?$allocator@V?$vector@_NV?$allocator@_N@std@@@std@@@0@U_Nonscalar_ptr_iterator_tag@0@U_Range_checked_iterator_tag@0@@Z 00410e00 f i test.obj
 0001:0000fec0       ??4StarcraftAction@BuildOrderSearch@@QAEAAV01@ABV01@@Z 00410ec0 f i test.obj
 0001:0000ff90       ??$_Unguarded_partition@PAVActionInProgress@BuildOrderSearch@@@std@@YA?AU?$pair@PAVActionInProgress@BuildOrderSearch@@PAV12@@0@PAVActionInProgress@BuildOrderSearch@@0@Z 00410f90 f i test.obj
 0001:00010190       ??$_Uninit_copy@PBU?$pair@HH@std@@PAU12@V?$allocator@U?$pair@HH@std@@@2@@std@@YAPAU?$pair@HH@0@PBU10@0PAU10@AAV?$allocator@U?$pair@HH@std@@@0@U_Nonscalar_ptr_iterator_tag@0@U_Range_checked_iterator_tag@0@@Z 00411190 f i test.obj
 0001:00010190       ??$_Uninit_copy@PAVBitSet@BuildOrderSearch@@PAV12@V?$allocator@VBitSet@BuildOrderSearch@@@std@@@std@@YAPAVBitSet@BuildOrderSearch@@PAV12@00AAV?$allocator@VBitSet@BuildOrderSearch@@@0@U_Nonscalar_ptr_iterator_tag@0@U_Range_checked_iterator_tag@0@@Z 00411190 f i test.obj
 0001:00010190       ??$_Uninit_copy@PAU?$pair@HH@std@@PAU12@V?$allocator@U?$pair@HH@std@@@2@@std@@YAPAU?$pair@HH@0@PAU10@00AAV?$allocator@U?$pair@HH@std@@@0@U_Nonscalar_ptr_iterator_tag@0@U_Range_checked_iterator_tag@0@@Z 00411190 f i test.obj
 0001:000101b0       ??$_Uninit_copy@PBVStarcraftSearchConstraint@BuildOrderSearch@@PAV12@V?$allocator@VStarcraftSearchConstraint@BuildOrderSearch@@@std@@@std@@YAPAVStarcraftSearchConstraint@BuildOrderSearch@@PBV12@0PAV12@AAV?$allocator@VStarcraftSearchConstraint@BuildOrderSearch@@@0@U_Nonscalar_ptr_iterator_tag@0@U_Range_checked_iterator_tag@0@@Z 004111b0 f i test.obj
 0001:000101b0       ??$_Uninit_copy@PAVStarcraftSearchConstraint@BuildOrderSearch@@PAV12@V?$allocator@VStarcraftSearchConstraint@BuildOrderSearch@@@std@@@std@@YAPAVStarcraftSearchConstraint@BuildOrderSearch@@PAV12@00AAV?$allocator@VStarcraftSearchConstraint@BuildOrderSearch@@@0@U_Nonscalar_ptr_iterator_tag@0@U_Range_checked_iterator_tag@0@@Z 004111b0 f i test.obj
 0001:000101e0       ??$_Uninit_copy@PBV?$vector@_NV?$allocator@_N@std@@@std@@PAV12@V?$allocator@V?$vector@_NV?$allocator@_N@std@@@std@@@2@@std@@YAPAV?$vector@_NV?$allocator@_N@std@@@0@PBV10@0PAV10@AAV?$allocator@V?$vector@_NV?$allocator@_N@std@@@std@@@0@U_Nonscalar_ptr_iterator_tag@0@U_Range_checked_iterator_tag@0@@Z 004111e0 f i test.obj
 0001:000101e0       ??$_Uninit_copy@PAV?$vector@_NV?$allocator@_N@std@@@std@@PAV12@V?$allocator@V?$vector@_NV?$allocator@_N@std@@@std@@@2@@std@@YAPAV?$vector@_NV?$allocator@_N@std@@@0@PAV10@00AAV?$allocator@V?$vector@_NV?$allocator@_N@std@@@std@@@0@U_Nonscalar_ptr_iterator_tag@0@U_Range_checked_iterator_tag@0@@Z 004111e0 f i test.obj
 0001:000102a0       ??$_Copy_backward_opt@PAVStarcraftAction@BuildOrderSearch@@PAV12@@std@@YAPAVStarcraftAction@BuildOrderSearch@@PAV12@00Urandom_access_iterator_tag@0@U_Nonscalar_ptr_iterator_tag@0@U_Range_checked_iterator_tag@0@@Z 004112a0 f i test.obj
 0001:00010300       ??$_Copy_backward_opt@PAVStarcraftState@BuildOrderSearch@@PAV12@@std@@YAPAVStarcraftState@BuildOrderSearch@@PAV12@00Urandom_access_iterator_tag@0@U_Nonscalar_ptr_iterator_tag@0@U_Range_checked_iterator_tag@0@@Z 00411300 f i test.obj
 0001:00010360       ??4?$vector@IV?$allocator@I@std@@@std@@QAEAAV01@ABV01@@Z 00411360 f i test.obj
 0001:00010450       ??0?$vector@IV?$allocator@I@std@@@std@@QAE@ABV01@@Z 00411450 f i test.obj
 0001:00010530       ?clear@?$vector@IV?$allocator@I@std@@@std@@QAEXXZ 00411530 f i test.obj
 0001:00010580       ??$_Median@PAVActionInProgress@BuildOrderSearch@@@std@@YAXPAVActionInProgress@BuildOrderSearch@@00@Z 00411580 f i test.obj
 0001:000105f0       ??$_Make_heap@PAVActionInProgress@BuildOrderSearch@@HV12@@std@@YAXPAVActionInProgress@BuildOrderSearch@@0PAH0@Z 004115f0 f i test.obj
 0001:00010640       ??$_Sort_heap@PAVActionInProgress@BuildOrderSearch@@@std@@YAXPAVActionInProgress@BuildOrderSearch@@0@Z 00411640 f i test.obj
 0001:00010690       ??$_Insertion_sort1@PAVActionInProgress@BuildOrderSearch@@V12@@std@@YAXPAVActionInProgress@BuildOrderSearch@@00@Z 00411690 f i test.obj
 0001:00010710       ??$_Copy_backward_opt@PAVMacroAction@BuildOrderSearch@@PAV12@Uforward_iterator_tag@std@@@std@@YAPAVMacroAction@BuildOrderSearch@@PAV12@00Uforward_iterator_tag@0@U_Nonscalar_ptr_iterator_tag@0@U_Range_checked_iterator_tag@0@@Z 00411710 f i test.obj
 0001:00010760       ??$_Ucopy@PAI@?$vector@IV?$allocator@I@std@@@std@@IAEPAIPAI00@Z 00411760 f i test.obj
 0001:00010790       ??$_Med3@PAVActionInProgress@BuildOrderSearch@@@std@@YAXPAVActionInProgress@BuildOrderSearch@@00@Z 00411790 f i test.obj
 0001:00010800       ??$_Adjust_heap@PAVActionInProgress@BuildOrderSearch@@HV12@@std@@YAXPAVActionInProgress@BuildOrderSearch@@HHV12@@Z 00411800 f i test.obj
 0001:00010890       ??$_Uninit_copy@PAVStarcraftAction@BuildOrderSearch@@PAV12@V?$allocator@VStarcraftAction@BuildOrderSearch@@@std@@@std@@YAPAVStarcraftAction@BuildOrderSearch@@PAV12@00AAV?$allocator@VStarcraftAction@BuildOrderSearch@@@0@U_Nonscalar_ptr_iterator_tag@0@U_Range_checked_iterator_tag@0@@Z 00411890 f i test.obj
 0001:00010930       ??$_Uninit_copy@PAVMacroAction@BuildOrderSearch@@PAV12@V?$allocator@VMacroAction@BuildOrderSearch@@@std@@@std@@YAPAVMacroAction@BuildOrderSearch@@PAV12@00AAV?$allocator@VMacroAction@BuildOrderSearch@@@0@U_Nonscalar_ptr_iterator_tag@0@U_Range_checked_iterator_tag@0@@Z 00411930 f i test.obj
 0001:000109d0       ??$_Uninit_copy@PAVStarcraftState@BuildOrderSearch@@PAV12@V?$allocator@VStarcraftState@BuildOrderSearch@@@std@@@std@@YAPAVStarcraftState@BuildOrderSearch@@PAV12@00AAV?$allocator@VStarcraftState@BuildOrderSearch@@@0@U_Nonscalar_ptr_iterator_tag@0@U_Range_checked_iterator_tag@0@@Z 004119d0 f i test.obj
 0001:00010a70       ??0RaceInternal@BWAPI@@QAE@XZ 00411a70 f i BWAPI:Race.obj
 0001:00010ae0       ??0Race@BWAPI@@QAE@XZ      00411ae0 f   BWAPI:Race.obj
 0001:00010af0       ?getWorker@Race@BWAPI@@QBE?AVUnitType@2@XZ 00411af0 f   BWAPI:Race.obj
 0001:00010b10       ?getCenter@Race@BWAPI@@QBE?AVUnitType@2@XZ 00411b10 f   BWAPI:Race.obj
 0001:00010b30       ?getRefinery@Race@BWAPI@@QBE?AVUnitType@2@XZ 00411b30 f   BWAPI:Race.obj
 0001:00010b50       ?getSupplyProvider@Race@BWAPI@@QBE?AVUnitType@2@XZ 00411b50 f   BWAPI:Race.obj
 0001:00010b70       ?erase@?$_Tree@V?$_Tset_traits@VPlayerType@BWAPI@@U?$less@VPlayerType@BWAPI@@@std@@V?$allocator@VPlayerType@BWAPI@@@4@$0A@@std@@@std@@QAE?AViterator@12@Vconst_iterator@12@@Z 00411b70 f i BWAPI:PlayerType.obj
 0001:00010b70       ?erase@?$_Tree@V?$_Tset_traits@VRace@BWAPI@@U?$less@VRace@BWAPI@@@std@@V?$allocator@VRace@BWAPI@@@4@$0A@@std@@@std@@QAE?AViterator@12@Vconst_iterator@12@@Z 00411b70 f i BWAPI:Race.obj
 0001:00010b70       ?erase@?$_Tree@V?$_Tset_traits@VGameType@BWAPI@@U?$less@VGameType@BWAPI@@@std@@V?$allocator@VGameType@BWAPI@@@4@$0A@@std@@@std@@QAE?AViterator@12@Vconst_iterator@12@@Z 00411b70 f i BWAPI:GameType.obj
 0001:00010b70       ?erase@?$_Tree@V?$_Tset_traits@VUnitCommandType@BWAPI@@U?$less@VUnitCommandType@BWAPI@@@std@@V?$allocator@VUnitCommandType@BWAPI@@@4@$0A@@std@@@std@@QAE?AViterator@12@Vconst_iterator@12@@Z 00411b70 f i BWAPI:UnitCommandType.obj
 0001:00010b70       ?erase@?$_Tree@V?$_Tset_traits@VUpgradeType@BWAPI@@U?$less@VUpgradeType@BWAPI@@@std@@V?$allocator@VUpgradeType@BWAPI@@@4@$0A@@std@@@std@@QAE?AViterator@12@Vconst_iterator@12@@Z 00411b70 f i BWAPI:UnitType.obj
 0001:00010b70       ?erase@?$_Tree@V?$_Tset_traits@VUnitSizeType@BWAPI@@U?$less@VUnitSizeType@BWAPI@@@std@@V?$allocator@VUnitSizeType@BWAPI@@@4@$0A@@std@@@std@@QAE?AViterator@12@Vconst_iterator@12@@Z 00411b70 f i BWAPI:UnitSizeType.obj
 0001:00010b70       ?erase@?$_Tree@V?$_Tset_traits@VOrder@BWAPI@@U?$less@VOrder@BWAPI@@@std@@V?$allocator@VOrder@BWAPI@@@4@$0A@@std@@@std@@QAE?AViterator@12@Vconst_iterator@12@@Z 00411b70 f i BWAPI:Order.obj
 0001:00010b70       ?erase@?$_Tree@V?$_Tset_traits@VWeaponType@BWAPI@@U?$less@VWeaponType@BWAPI@@@std@@V?$allocator@VWeaponType@BWAPI@@@4@$0A@@std@@@std@@QAE?AViterator@12@Vconst_iterator@12@@Z 00411b70 f i BWAPI:WeaponType.obj
 0001:00010b70       ?erase@?$_Tree@V?$_Tset_traits@VBulletType@BWAPI@@U?$less@VBulletType@BWAPI@@@std@@V?$allocator@VBulletType@BWAPI@@@4@$0A@@std@@@std@@QAE?AViterator@12@Vconst_iterator@12@@Z 00411b70 f i BWAPI:BulletType.obj
 0001:00010b70       ?erase@?$_Tree@V?$_Tset_traits@VUnitType@BWAPI@@U?$less@VUnitType@BWAPI@@@std@@V?$allocator@VUnitType@BWAPI@@@4@$0A@@std@@@std@@QAE?AViterator@12@Vconst_iterator@12@@Z 00411b70 f i BWAPI:UnitType.obj
 0001:00010b70       ?erase@?$_Tree@V?$_Tset_traits@VExplosionType@BWAPI@@U?$less@VExplosionType@BWAPI@@@std@@V?$allocator@VExplosionType@BWAPI@@@4@$0A@@std@@@std@@QAE?AViterator@12@Vconst_iterator@12@@Z 00411b70 f i BWAPI:ExplosionType.obj
 0001:00010b70       ?erase@?$_Tree@V?$_Tset_traits@VDamageType@BWAPI@@U?$less@VDamageType@BWAPI@@@std@@V?$allocator@VDamageType@BWAPI@@@4@$0A@@std@@@std@@QAE?AViterator@12@Vconst_iterator@12@@Z 00411b70 f i BWAPI:DamageType.obj
 0001:00010b70       ?erase@?$_Tree@V?$_Tset_traits@VError@BWAPI@@U?$less@VError@BWAPI@@@std@@V?$allocator@VError@BWAPI@@@4@$0A@@std@@@std@@QAE?AViterator@12@Vconst_iterator@12@@Z 00411b70 f i BWAPI:Error.obj
 0001:00010b70       ?erase@?$_Tree@V?$_Tset_traits@VTechType@BWAPI@@U?$less@VTechType@BWAPI@@@std@@V?$allocator@VTechType@BWAPI@@@4@$0A@@std@@@std@@QAE?AViterator@12@Vconst_iterator@12@@Z 00411b70 f i BWAPI:UnitType.obj
 0001:00010e40       ?erase@?$_Tree@V?$_Tset_traits@VOrder@BWAPI@@U?$less@VOrder@BWAPI@@@std@@V?$allocator@VOrder@BWAPI@@@4@$0A@@std@@@std@@QAE?AViterator@12@Vconst_iterator@12@0@Z 00411e40 f i BWAPI:Order.obj
 0001:00010e40       ?erase@?$_Tree@V?$_Tset_traits@VPlayerType@BWAPI@@U?$less@VPlayerType@BWAPI@@@std@@V?$allocator@VPlayerType@BWAPI@@@4@$0A@@std@@@std@@QAE?AViterator@12@Vconst_iterator@12@0@Z 00411e40 f i BWAPI:PlayerType.obj
 0001:00010e40       ?erase@?$_Tree@V?$_Tset_traits@VError@BWAPI@@U?$less@VError@BWAPI@@@std@@V?$allocator@VError@BWAPI@@@4@$0A@@std@@@std@@QAE?AViterator@12@Vconst_iterator@12@0@Z 00411e40 f i BWAPI:Error.obj
 0001:00010e40       ?erase@?$_Tree@V?$_Tset_traits@VRace@BWAPI@@U?$less@VRace@BWAPI@@@std@@V?$allocator@VRace@BWAPI@@@4@$0A@@std@@@std@@QAE?AViterator@12@Vconst_iterator@12@0@Z 00411e40 f i BWAPI:Race.obj
 0001:00010e40       ?erase@?$_Tree@V?$_Tset_traits@VWeaponType@BWAPI@@U?$less@VWeaponType@BWAPI@@@std@@V?$allocator@VWeaponType@BWAPI@@@4@$0A@@std@@@std@@QAE?AViterator@12@Vconst_iterator@12@0@Z 00411e40 f i BWAPI:WeaponType.obj
 0001:00010e40       ?erase@?$_Tree@V?$_Tset_traits@VTechType@BWAPI@@U?$less@VTechType@BWAPI@@@std@@V?$allocator@VTechType@BWAPI@@@4@$0A@@std@@@std@@QAE?AViterator@12@Vconst_iterator@12@0@Z 00411e40 f i BWAPI:UnitType.obj
 0001:00010e40       ?erase@?$_Tree@V?$_Tset_traits@VUnitCommandType@BWAPI@@U?$less@VUnitCommandType@BWAPI@@@std@@V?$allocator@VUnitCommandType@BWAPI@@@4@$0A@@std@@@std@@QAE?AViterator@12@Vconst_iterator@12@0@Z 00411e40 f i BWAPI:UnitCommandType.obj
 0001:00010e40       ?erase@?$_Tree@V?$_Tset_traits@VDamageType@BWAPI@@U?$less@VDamageType@BWAPI@@@std@@V?$allocator@VDamageType@BWAPI@@@4@$0A@@std@@@std@@QAE?AViterator@12@Vconst_iterator@12@0@Z 00411e40 f i BWAPI:DamageType.obj
 0001:00010e40       ?erase@?$_Tree@V?$_Tset_traits@VGameType@BWAPI@@U?$less@VGameType@BWAPI@@@std@@V?$allocator@VGameType@BWAPI@@@4@$0A@@std@@@std@@QAE?AViterator@12@Vconst_iterator@12@0@Z 00411e40 f i BWAPI:GameType.obj
 0001:00010e40       ?erase@?$_Tree@V?$_Tset_traits@VBulletType@BWAPI@@U?$less@VBulletType@BWAPI@@@std@@V?$allocator@VBulletType@BWAPI@@@4@$0A@@std@@@std@@QAE?AViterator@12@Vconst_iterator@12@0@Z 00411e40 f i BWAPI:BulletType.obj
 0001:00010e40       ?erase@?$_Tree@V?$_Tset_traits@VUnitSizeType@BWAPI@@U?$less@VUnitSizeType@BWAPI@@@std@@V?$allocator@VUnitSizeType@BWAPI@@@4@$0A@@std@@@std@@QAE?AViterator@12@Vconst_iterator@12@0@Z 00411e40 f i BWAPI:UnitSizeType.obj
 0001:00010e40       ?erase@?$_Tree@V?$_Tset_traits@VUpgradeType@BWAPI@@U?$less@VUpgradeType@BWAPI@@@std@@V?$allocator@VUpgradeType@BWAPI@@@4@$0A@@std@@@std@@QAE?AViterator@12@Vconst_iterator@12@0@Z 00411e40 f i BWAPI:UnitType.obj
 0001:00010e40       ?erase@?$_Tree@V?$_Tset_traits@VExplosionType@BWAPI@@U?$less@VExplosionType@BWAPI@@@std@@V?$allocator@VExplosionType@BWAPI@@@4@$0A@@std@@@std@@QAE?AViterator@12@Vconst_iterator@12@0@Z 00411e40 f i BWAPI:ExplosionType.obj
 0001:00010e40       ?erase@?$_Tree@V?$_Tset_traits@VUnitType@BWAPI@@U?$less@VUnitType@BWAPI@@@std@@V?$allocator@VUnitType@BWAPI@@@4@$0A@@std@@@std@@QAE?AViterator@12@Vconst_iterator@12@0@Z 00411e40 f i BWAPI:UnitType.obj
 0001:00010f20       ?init@Races@BWAPI@@YAXXZ   00411f20 f   BWAPI:Race.obj
 0001:000113b0       ??1?$_Tree@V?$_Tset_traits@VDamageType@BWAPI@@U?$less@VDamageType@BWAPI@@@std@@V?$allocator@VDamageType@BWAPI@@@4@$0A@@std@@@std@@QAE@XZ 004123b0 f i BWAPI:DamageType.obj
 0001:000113b0       ??1?$_Tree@V?$_Tset_traits@VUnitType@BWAPI@@U?$less@VUnitType@BWAPI@@@std@@V?$allocator@VUnitType@BWAPI@@@4@$0A@@std@@@std@@QAE@XZ 004123b0 f i BWAPI:UnitType.obj
 0001:000113b0       ??1?$_Tree@V?$_Tset_traits@VUnitSizeType@BWAPI@@U?$less@VUnitSizeType@BWAPI@@@std@@V?$allocator@VUnitSizeType@BWAPI@@@4@$0A@@std@@@std@@QAE@XZ 004123b0 f i BWAPI:UnitSizeType.obj
 0001:000113b0       ??1?$_Tree@V?$_Tset_traits@VRace@BWAPI@@U?$less@VRace@BWAPI@@@std@@V?$allocator@VRace@BWAPI@@@4@$0A@@std@@@std@@QAE@XZ 004123b0 f i BWAPI:Race.obj
 0001:000113b0       ??1?$_Tree@V?$_Tset_traits@VGameType@BWAPI@@U?$less@VGameType@BWAPI@@@std@@V?$allocator@VGameType@BWAPI@@@4@$0A@@std@@@std@@QAE@XZ 004123b0 f i BWAPI:GameType.obj
 0001:000113b0       ??1?$_Tree@V?$_Tset_traits@VError@BWAPI@@U?$less@VError@BWAPI@@@std@@V?$allocator@VError@BWAPI@@@4@$0A@@std@@@std@@QAE@XZ 004123b0 f i BWAPI:Error.obj
 0001:000113b0       ??1?$_Tree@V?$_Tset_traits@VUpgradeType@BWAPI@@U?$less@VUpgradeType@BWAPI@@@std@@V?$allocator@VUpgradeType@BWAPI@@@4@$0A@@std@@@std@@QAE@XZ 004123b0 f i BWAPI:UnitType.obj
 0001:000113b0       ??1?$_Tree@V?$_Tset_traits@VUnitCommandType@BWAPI@@U?$less@VUnitCommandType@BWAPI@@@std@@V?$allocator@VUnitCommandType@BWAPI@@@4@$0A@@std@@@std@@QAE@XZ 004123b0 f i BWAPI:UnitCommandType.obj
 0001:000113b0       ??1?$_Tree@V?$_Tset_traits@VWeaponType@BWAPI@@U?$less@VWeaponType@BWAPI@@@std@@V?$allocator@VWeaponType@BWAPI@@@4@$0A@@std@@@std@@QAE@XZ 004123b0 f i BWAPI:WeaponType.obj
 0001:000113b0       ??1?$_Tree@V?$_Tset_traits@VBulletType@BWAPI@@U?$less@VBulletType@BWAPI@@@std@@V?$allocator@VBulletType@BWAPI@@@4@$0A@@std@@@std@@QAE@XZ 004123b0 f i BWAPI:BulletType.obj
 0001:000113b0       ??1?$_Tree@V?$_Tset_traits@VPlayerType@BWAPI@@U?$less@VPlayerType@BWAPI@@@std@@V?$allocator@VPlayerType@BWAPI@@@4@$0A@@std@@@std@@QAE@XZ 004123b0 f i BWAPI:PlayerType.obj
 0001:000113b0       ??1?$_Tree@V?$_Tset_traits@VTechType@BWAPI@@U?$less@VTechType@BWAPI@@@std@@V?$allocator@VTechType@BWAPI@@@4@$0A@@std@@@std@@QAE@XZ 004123b0 f i BWAPI:UnitType.obj
 0001:000113b0       ??1?$_Tree@V?$_Tset_traits@VOrder@BWAPI@@U?$less@VOrder@BWAPI@@@std@@V?$allocator@VOrder@BWAPI@@@4@$0A@@std@@@std@@QAE@XZ 004123b0 f i BWAPI:Order.obj
 0001:000113b0       ??1?$_Tree@V?$_Tset_traits@VExplosionType@BWAPI@@U?$less@VExplosionType@BWAPI@@@std@@V?$allocator@VExplosionType@BWAPI@@@4@$0A@@std@@@std@@QAE@XZ 004123b0 f i BWAPI:ExplosionType.obj
 0001:00011420       ??0UnitType@BWAPI@@QAE@XZ  00412420 f   BWAPI:UnitType.obj
 0001:00011430       ?getName@UnitType@BWAPI@@QBEABV?$basic_string@DU?$char_traits@D@std@@V?$allocator@D@2@@std@@XZ 00412430 f   BWAPI:UnitType.obj
 0001:00011450       ?getRace@UnitType@BWAPI@@QBE?AVRace@2@XZ 00412450 f   BWAPI:UnitType.obj
 0001:00011470       ?whatBuilds@UnitType@BWAPI@@QBE?BU?$pair@VUnitType@BWAPI@@H@std@@XZ 00412470 f   BWAPI:UnitType.obj
 0001:000114a0       ?requiredUnits@UnitType@BWAPI@@QBEABV?$map@VUnitType@BWAPI@@HU?$less@VUnitType@BWAPI@@@std@@V?$allocator@U?$pair@$$CBVUnitType@BWAPI@@H@std@@@4@@std@@XZ 004124a0 f   BWAPI:UnitType.obj
 0001:000114c0       ?requiredTech@UnitType@BWAPI@@QBE?AVTechType@2@XZ 004124c0 f   BWAPI:UnitType.obj
 0001:000114e0       ?mineralPrice@UnitType@BWAPI@@QBEHXZ 004124e0 f   BWAPI:UnitType.obj
 0001:00011500       ?gasPrice@UnitType@BWAPI@@QBEHXZ 00412500 f   BWAPI:UnitType.obj
 0001:00011520       ?buildTime@UnitType@BWAPI@@QBEHXZ 00412520 f   BWAPI:UnitType.obj
 0001:00011540       ?supplyRequired@UnitType@BWAPI@@QBEHXZ 00412540 f   BWAPI:UnitType.obj
 0001:00011560       ?supplyProvided@UnitType@BWAPI@@QBEHXZ 00412560 f   BWAPI:UnitType.obj
 0001:00011580       ?canProduce@UnitType@BWAPI@@QBE_NXZ 00412580 f   BWAPI:UnitType.obj
 0001:000115a0       ?canAttack@UnitType@BWAPI@@QBE_NXZ 004125a0 f   BWAPI:UnitType.obj
 0001:000115c0       ?isResourceDepot@UnitType@BWAPI@@QBE_NXZ 004125c0 f   BWAPI:UnitType.obj
 0001:000115e0       ?isRefinery@UnitType@BWAPI@@QBE_NXZ 004125e0 f   BWAPI:UnitType.obj
 0001:00011600       ?isWorker@UnitType@BWAPI@@QBE_NXZ 00412600 f   BWAPI:UnitType.obj
 0001:00011620       ?isBuilding@UnitType@BWAPI@@QBE_NXZ 00412620 f   BWAPI:UnitType.obj
 0001:00011640       ?_Min@?$_Tree@V?$_Tmap_traits@V?$basic_string@DU?$char_traits@D@std@@V?$allocator@D@2@@std@@VUnitType@BWAPI@@U?$less@V?$basic_string@DU?$char_traits@D@std@@V?$allocator@D@2@@std@@@2@V?$allocator@U?$pair@$$CBV?$basic_string@DU?$char_traits@D@std@@V?$allocator@D@2@@std@@VUnitType@BWAPI@@@std@@@2@$0A@@std@@@std@@KAPAU_Node@?$_Tree_nod@V?$_Tmap_traits@V?$basic_string@DU?$char_traits@D@std@@V?$allocator@D@2@@std@@VUnitType@BWAPI@@U?$less@V?$basic_string@DU?$char_traits@D@std@@V?$allocator@D@2@@std@@@2@V?$allocator@U?$pair@$$CBV?$basic_string@DU?$char_traits@D@std@@V?$allocator@D@2@@std@@VUnitType@BWAPI@@@std@@@2@$0A@@std@@@2@PAU342@@Z 00412640 f i BWAPI:UnitType.obj
 0001:00011640       ?_Min@?$_Tree@V?$_Tmap_traits@V?$basic_string@DU?$char_traits@D@std@@V?$allocator@D@2@@std@@VBulletType@BWAPI@@U?$less@V?$basic_string@DU?$char_traits@D@std@@V?$allocator@D@2@@std@@@2@V?$allocator@U?$pair@$$CBV?$basic_string@DU?$char_traits@D@std@@V?$allocator@D@2@@std@@VBulletType@BWAPI@@@std@@@2@$0A@@std@@@std@@KAPAU_Node@?$_Tree_nod@V?$_Tmap_traits@V?$basic_string@DU?$char_traits@D@std@@V?$allocator@D@2@@std@@VBulletType@BWAPI@@U?$less@V?$basic_string@DU?$char_traits@D@std@@V?$allocator@D@2@@std@@@2@V?$allocator@U?$pair@$$CBV?$basic_string@DU?$char_traits@D@std@@V?$allocator@D@2@@std@@VBulletType@BWAPI@@@std@@@2@$0A@@std@@@2@PAU342@@Z 00412640 f i BWAPI:BulletType.obj
 0001:00011640       ?_Min@?$_Tree@V?$_Tmap_traits@V?$basic_string@DU?$char_traits@D@std@@V?$allocator@D@2@@std@@VUnitSizeType@BWAPI@@U?$less@V?$basic_string@DU?$char_traits@D@std@@V?$allocator@D@2@@std@@@2@V?$allocator@U?$pair@$$CBV?$basic_string@DU?$char_traits@D@std@@V?$allocator@D@2@@std@@VUnitSizeType@BWAPI@@@std@@@2@$0A@@std@@@std@@KAPAU_Node@?$_Tree_nod@V?$_Tmap_traits@V?$basic_string@DU?$char_traits@D@std@@V?$allocator@D@2@@std@@VUnitSizeType@BWAPI@@U?$less@V?$basic_string@DU?$char_traits@D@std@@V?$allocator@D@2@@std@@@2@V?$allocator@U?$pair@$$CBV?$basic_string@DU?$char_traits@D@std@@V?$allocator@D@2@@std@@VUnitSizeType@BWAPI@@@std@@@2@$0A@@std@@@2@PAU342@@Z 00412640 f i BWAPI:UnitSizeType.obj
 0001:00011640       ?_Min@?$_Tree@V?$_Tmap_traits@V?$basic_string@DU?$char_traits@D@std@@V?$allocator@D@2@@std@@VExplosionType@BWAPI@@U?$less@V?$basic_string@DU?$char_traits@D@std@@V?$allocator@D@2@@std@@@2@V?$allocator@U?$pair@$$CBV?$basic_string@DU?$char_traits@D@std@@V?$allocator@D@2@@std@@VExplosionType@BWAPI@@@std@@@2@$0A@@std@@@std@@KAPAU_Node@?$_Tree_nod@V?$_Tmap_traits@V?$basic_string@DU?$char_traits@D@std@@V?$allocator@D@2@@std@@VExplosionType@BWAPI@@U?$less@V?$basic_string@DU?$char_traits@D@std@@V?$allocator@D@2@@std@@@2@V?$allocator@U?$pair@$$CBV?$basic_string@DU?$char_traits@D@std@@V?$allocator@D@2@@std@@VExplosionType@BWAPI@@@std@@@2@$0A@@std@@@2@PAU342@@Z 00412640 f i BWAPI:ExplosionType.obj
 0001:00011640       ?_Min@?$_Tree@V?$_Tmap_traits@V?$basic_string@DU?$char_traits@D@std@@V?$allocator@D@2@@std@@VOrder@BWAPI@@U?$less@V?$basic_string@DU?$char_traits@D@std@@V?$allocator@D@2@@std@@@2@V?$allocator@U?$pair@$$CBV?$basic_string@DU?$char_traits@D@std@@V?$allocator@D@2@@std@@VOrder@BWAPI@@@std@@@2@$0A@@std@@@std@@KAPAU_Node@?$_Tree_nod@V?$_Tmap_traits@V?$basic_string@DU?$char_traits@D@std@@V?$allocator@D@2@@std@@VOrder@BWAPI@@U?$less@V?$basic_string@DU?$char_traits@D@std@@V?$allocator@D@2@@std@@@2@V?$allocator@U?$pair@$$CBV?$basic_string@DU?$char_traits@D@std@@V?$allocator@D@2@@std@@VOrder@BWAPI@@@std@@@2@$0A@@std@@@2@PAU342@@Z 00412640 f i BWAPI:Order.obj
 0001:00011640       ?_Min@?$_Tree@V?$_Tmap_traits@V?$basic_string@DU?$char_traits@D@std@@V?$allocator@D@2@@std@@VPlayerType@BWAPI@@U?$less@V?$basic_string@DU?$char_traits@D@std@@V?$allocator@D@2@@std@@@2@V?$allocator@U?$pair@$$CBV?$basic_string@DU?$char_traits@D@std@@V?$allocator@D@2@@std@@VPlayerType@BWAPI@@@std@@@2@$0A@@std@@@std@@KAPAU_Node@?$_Tree_nod@V?$_Tmap_traits@V?$basic_string@DU?$char_traits@D@std@@V?$allocator@D@2@@std@@VPlayerType@BWAPI@@U?$less@V?$basic_string@DU?$char_traits@D@std@@V?$allocator@D@2@@std@@@2@V?$allocator@U?$pair@$$CBV?$basic_string@DU?$char_traits@D@std@@V?$allocator@D@2@@std@@VPlayerType@BWAPI@@@std@@@2@$0A@@std@@@2@PAU342@@Z 00412640 f i BWAPI:PlayerType.obj
 0001:00011640       ?_Min@?$_Tree@V?$_Tmap_traits@V?$basic_string@DU?$char_traits@D@std@@V?$allocator@D@2@@std@@VTechType@BWAPI@@U?$less@V?$basic_string@DU?$char_traits@D@std@@V?$allocator@D@2@@std@@@2@V?$allocator@U?$pair@$$CBV?$basic_string@DU?$char_traits@D@std@@V?$allocator@D@2@@std@@VTechType@BWAPI@@@std@@@2@$0A@@std@@@std@@KAPAU_Node@?$_Tree_nod@V?$_Tmap_traits@V?$basic_string@DU?$char_traits@D@std@@V?$allocator@D@2@@std@@VTechType@BWAPI@@U?$less@V?$basic_string@DU?$char_traits@D@std@@V?$allocator@D@2@@std@@@2@V?$allocator@U?$pair@$$CBV?$basic_string@DU?$char_traits@D@std@@V?$allocator@D@2@@std@@VTechType@BWAPI@@@std@@@2@$0A@@std@@@2@PAU342@@Z 00412640 f i BWAPI:TechType.obj
 0001:00011640       ?_Min@?$_Tree@V?$_Tmap_traits@V?$basic_string@DU?$char_traits@D@std@@V?$allocator@D@2@@std@@VDamageType@BWAPI@@U?$less@V?$basic_string@DU?$char_traits@D@std@@V?$allocator@D@2@@std@@@2@V?$allocator@U?$pair@$$CBV?$basic_string@DU?$char_traits@D@std@@V?$allocator@D@2@@std@@VDamageType@BWAPI@@@std@@@2@$0A@@std@@@std@@KAPAU_Node@?$_Tree_nod@V?$_Tmap_traits@V?$basic_string@DU?$char_traits@D@std@@V?$allocator@D@2@@std@@VDamageType@BWAPI@@U?$less@V?$basic_string@DU?$char_traits@D@std@@V?$allocator@D@2@@std@@@2@V?$allocator@U?$pair@$$CBV?$basic_string@DU?$char_traits@D@std@@V?$allocator@D@2@@std@@VDamageType@BWAPI@@@std@@@2@$0A@@std@@@2@PAU342@@Z 00412640 f i BWAPI:DamageType.obj
[...]
 0001:00038440       ??__EInsufficient_Gas@Errors@BWAPI@@YAXXZ 00439440 f   BWAPI:Error.obj
 0001:00038450       ??__EInsufficient_Supply@Errors@BWAPI@@YAXXZ 00439450 f   BWAPI:Error.obj
 0001:00038460       ??__EInsufficient_Energy@Errors@BWAPI@@YAXXZ 00439460 f   BWAPI:Error.obj
 0001:00038470       ??__EInsufficient_Tech@Errors@BWAPI@@YAXXZ 00439470 f   BWAPI:Error.obj
 0001:00038480       ??__EInsufficient_Ammo@Errors@BWAPI@@YAXXZ 00439480 f   BWAPI:Error.obj
 0001:00038490       ??__EInsufficient_Space@Errors@BWAPI@@YAXXZ 00439490 f   BWAPI:Error.obj
 0001:000384a0       ??__EInvalid_Tile_Position@Errors@BWAPI@@YAXXZ 004394a0 f   BWAPI:Error.obj
 0001:000384b0       ??__EUnbuildable_Location@Errors@BWAPI@@YAXXZ 004394b0 f   BWAPI:Error.obj
 0001:000384c0       ??__EUnreachable_Location@Errors@BWAPI@@YAXXZ 004394c0 f   BWAPI:Error.obj
 0001:000384d0       ??__EOut_Of_Range@Errors@BWAPI@@YAXXZ 004394d0 f   BWAPI:Error.obj
 0001:000384e0       ??__EUnable_To_Hit@Errors@BWAPI@@YAXXZ 004394e0 f   BWAPI:Error.obj
 0001:000384f0       ??__EAccess_Denied@Errors@BWAPI@@YAXXZ 004394f0 f   BWAPI:Error.obj
 0001:00038500       ??__EFile_Not_Found@Errors@BWAPI@@YAXXZ 00439500 f   BWAPI:Error.obj
 0001:00038510       ??__EInvalid_Parameter@Errors@BWAPI@@YAXXZ 00439510 f   BWAPI:Error.obj
 0001:00038520       ??__ENone@Errors@BWAPI@@YAXXZ 00439520 f   BWAPI:Error.obj
 0001:00038530       ??__EUnknown@Errors@BWAPI@@YAXXZ 00439530 f   BWAPI:Error.obj
 0001:00038540       ??__EbulletTypeName@BWAPI@@YAXXZ 00439540 f   BWAPI:BulletType.obj
 0001:00038570       ??__EbulletTypeMap@BWAPI@@YAXXZ 00439570 f   BWAPI:BulletType.obj
 0001:000385a0       ??__EbulletTypeSet@BWAPI@@YAXXZ 004395a0 f   BWAPI:BulletType.obj
 0001:000385d0       ??__EMelee@BulletTypes@BWAPI@@YAXXZ 004395d0 f   BWAPI:BulletType.obj
 0001:00038610       ??__EFusion_Cutter_Hit@BulletTypes@BWAPI@@YAXXZ 00439610 f   BWAPI:BulletType.obj
 0001:00038650       ??__EGauss_Rifle_Hit@BulletTypes@BWAPI@@YAXXZ 00439650 f   BWAPI:BulletType.obj
 0001:00038690       ??__EC_10_Canister_Rifle_Hit@BulletTypes@BWAPI@@YAXXZ 00439690 f   BWAPI:BulletType.obj
 0001:000386d0       ??__EGemini_Missiles@BulletTypes@BWAPI@@YAXXZ 004396d0 f   BWAPI:BulletType.obj
 0001:00038710       ??__EFragmentation_Grenade@BulletTypes@BWAPI@@YAXXZ 00439710 f   BWAPI:BulletType.obj
 0001:00038750       ??__ELongbolt_Missile@BulletTypes@BWAPI@@YAXXZ 00439750 f   BWAPI:BulletType.obj
 0001:00038790       ??__EATS_ATA_Laser_Battery@BulletTypes@BWAPI@@YAXXZ 00439790 f   BWAPI:BulletType.obj
 0001:000387d0       ??__EBurst_Lasers@BulletTypes@BWAPI@@YAXXZ 004397d0 f   BWAPI:BulletType.obj
 0001:00038810       ??__EArclite_Shock_Cannon_Hit@BulletTypes@BWAPI@@YAXXZ 00439810 f   BWAPI:BulletType.obj
 0001:00038850       ??__EEMP_Missile@BulletTypes@BWAPI@@YAXXZ 00439850 f   BWAPI:BulletType.obj
 0001:00038890       ??__EDual_Photon_Blasters_Hit@BulletTypes@BWAPI@@YAXXZ 00439890 f   BWAPI:BulletType.obj
 0001:000388d0       ??__EParticle_Beam_Hit@BulletTypes@BWAPI@@YAXXZ 004398d0 f   BWAPI:BulletType.obj
 0001:00038910       ??__EAnti_Matter_Missile@BulletTypes@BWAPI@@YAXXZ 00439910 f   BWAPI:BulletType.obj
 0001:00038950       ??__EPulse_Cannon@BulletTypes@BWAPI@@YAXXZ 00439950 f   BWAPI:BulletType.obj
 0001:00038990       ??__EPsionic_Shockwave_Hit@BulletTypes@BWAPI@@YAXXZ 00439990 f   BWAPI:BulletType.obj
 0001:000389d0       ??__EPsionic_Storm@BulletTypes@BWAPI@@YAXXZ 004399d0 f   BWAPI:BulletType.obj
 0001:00038a10       ??__EYamato_Gun@BulletTypes@BWAPI@@YAXXZ 00439a10 f   BWAPI:BulletType.obj
 0001:00038a50       ??__EPhase_Disruptor@BulletTypes@BWAPI@@YAXXZ 00439a50 f   BWAPI:BulletType.obj
 0001:00038a90       ??__ESTA_STS_Cannon_Overlay@BulletTypes@BWAPI@@YAXXZ 00439a90 f   BWAPI:BulletType.obj
 0001:00038ad0       ??__ESunken_Colony_Tentacle@BulletTypes@BWAPI@@YAXXZ 00439ad0 f   BWAPI:BulletType.obj
 0001:00038b10       ??__EAcid_Spore@BulletTypes@BWAPI@@YAXXZ 00439b10 f   BWAPI:BulletType.obj
 0001:00038b50       ??__EGlave_Wurm@BulletTypes@BWAPI@@YAXXZ 00439b50 f   BWAPI:BulletType.obj
 0001:00038b90       ??__ESeeker_Spores@BulletTypes@BWAPI@@YAXXZ 00439b90 f   BWAPI:BulletType.obj
 0001:00038bd0       ??__EQueen_Spell_Carrier@BulletTypes@BWAPI@@YAXXZ 00439bd0 f   BWAPI:BulletType.obj
 0001:00038c10       ??__EPlague_Cloud@BulletTypes@BWAPI@@YAXXZ 00439c10 f   BWAPI:BulletType.obj
 0001:00038c50       ??__EConsume@BulletTypes@BWAPI@@YAXXZ 00439c50 f   BWAPI:BulletType.obj
 0001:00038c90       ??__EEnsnare@BulletTypes@BWAPI@@YAXXZ 00439c90 f   BWAPI:BulletType.obj
 0001:00038cd0       ??__ENeedle_Spine_Hit@BulletTypes@BWAPI@@YAXXZ 00439cd0 f   BWAPI:BulletType.obj
 0001:00038d10       ??__EInvisible@BulletTypes@BWAPI@@YAXXZ 00439d10 f   BWAPI:BulletType.obj
 0001:00038d50       ??__EOptical_Flare_Grenade@BulletTypes@BWAPI@@YAXXZ 00439d50 f   BWAPI:BulletType.obj
 0001:00038d90       ??__EHalo_Rockets@BulletTypes@BWAPI@@YAXXZ 00439d90 f   BWAPI:BulletType.obj
 0001:00038dd0       ??__ESubterranean_Spines@BulletTypes@BWAPI@@YAXXZ 00439dd0 f   BWAPI:BulletType.obj
 0001:00038e10       ??__ECorrosive_Acid_Shot@BulletTypes@BWAPI@@YAXXZ 00439e10 f   BWAPI:BulletType.obj
 0001:00038e50       ??__ENeutron_Flare@BulletTypes@BWAPI@@YAXXZ 00439e50 f   BWAPI:BulletType.obj
 0001:00038e90       ??__ENone@BulletTypes@BWAPI@@YAXXZ 00439e90 f   BWAPI:BulletType.obj
 0001:00038ed0       ??__EUnknown@BulletTypes@BWAPI@@YAXXZ 00439ed0 f   BWAPI:BulletType.obj
 0001:00038f10       ??__EunitCommandTypeName@BWAPI@@YAXXZ 00439f10 f   BWAPI:UnitCommandType.obj
 0001:00038f40       ??__EunitCommandTypeMap@BWAPI@@YAXXZ 00439f40 f   BWAPI:UnitCommandType.obj
 0001:00038f70       ??__EunitCommandTypeSet@BWAPI@@YAXXZ 00439f70 f   BWAPI:UnitCommandType.obj
 0001:00038fa0       ??__EAttack_Move@UnitCommandTypes@BWAPI@@YAXXZ 00439fa0 f   BWAPI:UnitCommandType.obj
 0001:00038fb0       ??__EAttack_Unit@UnitCommandTypes@BWAPI@@YAXXZ 00439fb0 f   BWAPI:UnitCommandType.obj
 0001:00038fc0       ??__EBuild@UnitCommandTypes@BWAPI@@YAXXZ 00439fc0 f   BWAPI:UnitCommandType.obj
 0001:00038fd0       ??__EBuild_Addon@UnitCommandTypes@BWAPI@@YAXXZ 00439fd0 f   BWAPI:UnitCommandType.obj
 0001:00038fe0       ??__ETrain@UnitCommandTypes@BWAPI@@YAXXZ 00439fe0 f   BWAPI:UnitCommandType.obj
 0001:00038ff0       ??__EMorph@UnitCommandTypes@BWAPI@@YAXXZ 00439ff0 f   BWAPI:UnitCommandType.obj
 0001:00039000       ??__EResearch@UnitCommandTypes@BWAPI@@YAXXZ 0043a000 f   BWAPI:UnitCommandType.obj
 0001:00039010       ??__EUpgrade@UnitCommandTypes@BWAPI@@YAXXZ 0043a010 f   BWAPI:UnitCommandType.obj
 0001:00039020       ??__ESet_Rally_Position@UnitCommandTypes@BWAPI@@YAXXZ 0043a020 f   BWAPI:UnitCommandType.obj
 0001:00039030       ??__ESet_Rally_Unit@UnitCommandTypes@BWAPI@@YAXXZ 0043a030 f   BWAPI:UnitCommandType.obj
 0001:00039040       ??__EMove@UnitCommandTypes@BWAPI@@YAXXZ 0043a040 f   BWAPI:UnitCommandType.obj
 0001:00039050       ??__EPatrol@UnitCommandTypes@BWAPI@@YAXXZ 0043a050 f   BWAPI:UnitCommandType.obj
 0001:00039060       ??__EHold_Position@UnitCommandTypes@BWAPI@@YAXXZ 0043a060 f   BWAPI:UnitCommandType.obj
 0001:00039070       ??__EStop@UnitCommandTypes@BWAPI@@YAXXZ 0043a070 f   BWAPI:UnitCommandType.obj
 0001:00039080       ??__EFollow@UnitCommandTypes@BWAPI@@YAXXZ 0043a080 f   BWAPI:UnitCommandType.obj
 0001:00039090       ??__EGather@UnitCommandTypes@BWAPI@@YAXXZ 0043a090 f   BWAPI:UnitCommandType.obj
 0001:000390a0       ??__EReturn_Cargo@UnitCommandTypes@BWAPI@@YAXXZ 0043a0a0 f   BWAPI:UnitCommandType.obj
 0001:000390b0       ??__ERepair@UnitCommandTypes@BWAPI@@YAXXZ 0043a0b0 f   BWAPI:UnitCommandType.obj
 0001:000390c0       ??__EBurrow@UnitCommandTypes@BWAPI@@YAXXZ 0043a0c0 f   BWAPI:UnitCommandType.obj
 0001:000390d0       ??__EUnburrow@UnitCommandTypes@BWAPI@@YAXXZ 0043a0d0 f   BWAPI:UnitCommandType.obj
 0001:000390e0       ??__ECloak@UnitCommandTypes@BWAPI@@YAXXZ 0043a0e0 f   BWAPI:UnitCommandType.obj
 0001:000390f0       ??__EDecloak@UnitCommandTypes@BWAPI@@YAXXZ 0043a0f0 f   BWAPI:UnitCommandType.obj
 0001:00039100       ??__ESiege@UnitCommandTypes@BWAPI@@YAXXZ 0043a100 f   BWAPI:UnitCommandType.obj
 0001:00039110       ??__EUnsiege@UnitCommandTypes@BWAPI@@YAXXZ 0043a110 f   BWAPI:UnitCommandType.obj
 0001:00039120       ??__ELift@UnitCommandTypes@BWAPI@@YAXXZ 0043a120 f   BWAPI:UnitCommandType.obj
 0001:00039130       ??__ELand@UnitCommandTypes@BWAPI@@YAXXZ 0043a130 f   BWAPI:UnitCommandType.obj
 0001:00039140       ??__ELoad@UnitCommandTypes@BWAPI@@YAXXZ 0043a140 f   BWAPI:UnitCommandType.obj
 0001:00039150       ??__EUnload@UnitCommandTypes@BWAPI@@YAXXZ 0043a150 f   BWAPI:UnitCommandType.obj
 0001:00039160       ??__EUnload_All@UnitCommandTypes@BWAPI@@YAXXZ 0043a160 f   BWAPI:UnitCommandType.obj
 0001:00039170       ??__EUnload_All_Position@UnitCommandTypes@BWAPI@@YAXXZ 0043a170 f   BWAPI:UnitCommandType.obj
 0001:00039180       ??__ERight_Click_Position@UnitCommandTypes@BWAPI@@YAXXZ 0043a180 f   BWAPI:UnitCommandType.obj
 0001:00039190       ??__ERight_Click_Unit@UnitCommandTypes@BWAPI@@YAXXZ 0043a190 f   BWAPI:UnitCommandType.obj
 0001:000391a0       ??__EHalt_Construction@UnitCommandTypes@BWAPI@@YAXXZ 0043a1a0 f   BWAPI:UnitCommandType.obj
 0001:000391b0       ??__ECancel_Construction@UnitCommandTypes@BWAPI@@YAXXZ 0043a1b0 f   BWAPI:UnitCommandType.obj
 0001:000391c0       ??__ECancel_Addon@UnitCommandTypes@BWAPI@@YAXXZ 0043a1c0 f   BWAPI:UnitCommandType.obj
 0001:000391d0       ??__ECancel_Train@UnitCommandTypes@BWAPI@@YAXXZ 0043a1d0 f   BWAPI:UnitCommandType.obj
 0001:000391e0       ??__ECancel_Train_Slot@UnitCommandTypes@BWAPI@@YAXXZ 0043a1e0 f   BWAPI:UnitCommandType.obj
 0001:000391f0       ??__ECancel_Morph@UnitCommandTypes@BWAPI@@YAXXZ 0043a1f0 f   BWAPI:UnitCommandType.obj
 0001:00039200       ??__ECancel_Research@UnitCommandTypes@BWAPI@@YAXXZ 0043a200 f   BWAPI:UnitCommandType.obj
 0001:00039210       ??__ECancel_Upgrade@UnitCommandTypes@BWAPI@@YAXXZ 0043a210 f   BWAPI:UnitCommandType.obj
 0001:00039220       ??__EUse_Tech@UnitCommandTypes@BWAPI@@YAXXZ 0043a220 f   BWAPI:UnitCommandType.obj
 0001:00039230       ??__EUse_Tech_Position@UnitCommandTypes@BWAPI@@YAXXZ 0043a230 f   BWAPI:UnitCommandType.obj
 0001:00039240       ??__EUse_Tech_Unit@UnitCommandTypes@BWAPI@@YAXXZ 0043a240 f   BWAPI:UnitCommandType.obj
 0001:00039250       ??__EPlace_COP@UnitCommandTypes@BWAPI@@YAXXZ 0043a250 f   BWAPI:UnitCommandType.obj
 0001:00039260       ??__ENone@UnitCommandTypes@BWAPI@@YAXXZ 0043a260 f   BWAPI:UnitCommandType.obj
 0001:00039270       ??__EUnknown@UnitCommandTypes@BWAPI@@YAXXZ 0043a270 f   BWAPI:UnitCommandType.obj
 0001:00039280       ??__EplayerTypeName@BWAPI@@YAXXZ 0043a280 f   BWAPI:PlayerType.obj
 0001:000392b0       ??__EplayerTypeMap@BWAPI@@YAXXZ 0043a2b0 f   BWAPI:PlayerType.obj
 0001:000392e0       ??__EplayerTypeSet@BWAPI@@YAXXZ 0043a2e0 f   BWAPI:PlayerType.obj
 0001:00039310       ??__ENone@PlayerTypes@BWAPI@@YAXXZ 0043a310 f   BWAPI:PlayerType.obj
 0001:00039350       ??__EComputer@PlayerTypes@BWAPI@@YAXXZ 0043a350 f   BWAPI:PlayerType.obj
 0001:00039390       ??__EPlayer@PlayerTypes@BWAPI@@YAXXZ 0043a390 f   BWAPI:PlayerType.obj
 0001:000393d0       ??__ERescuePassive@PlayerTypes@BWAPI@@YAXXZ 0043a3d0 f   BWAPI:PlayerType.obj
 0001:00039410       ??__EEitherPreferComputer@PlayerTypes@BWAPI@@YAXXZ 0043a410 f   BWAPI:PlayerType.obj
 0001:00039450       ??__EEitherPreferHuman@PlayerTypes@BWAPI@@YAXXZ 0043a450 f   BWAPI:PlayerType.obj
 0001:00039490       ??__ENeutral@PlayerTypes@BWAPI@@YAXXZ 0043a490 f   BWAPI:PlayerType.obj
 0001:000394d0       ??__EClosed@PlayerTypes@BWAPI@@YAXXZ 0043a4d0 f   BWAPI:PlayerType.obj
 0001:00039510       ??__EPlayerLeft@PlayerTypes@BWAPI@@YAXXZ 0043a510 f   BWAPI:PlayerType.obj
 0001:00039550       ??__EComputerLeft@PlayerTypes@BWAPI@@YAXXZ 0043a550 f   BWAPI:PlayerType.obj
 0001:00039590       ??__EUnknown@PlayerTypes@BWAPI@@YAXXZ 0043a590 f   BWAPI:PlayerType.obj
 0001:000395d0       ??__EexplosionTypeName@BWAPI@@YAXXZ 0043a5d0 f   BWAPI:ExplosionType.obj
 0001:00039600       ??__EexplosionTypeMap@BWAPI@@YAXXZ 0043a600 f   BWAPI:ExplosionType.obj
 0001:00039630       ??__EexplosionTypeSet@BWAPI@@YAXXZ 0043a630 f   BWAPI:ExplosionType.obj
 0001:00039660       ??__ENone@ExplosionTypes@BWAPI@@YAXXZ 0043a660 f   BWAPI:ExplosionType.obj
 0001:00039670       ??__ENormal@ExplosionTypes@BWAPI@@YAXXZ 0043a670 f   BWAPI:ExplosionType.obj
 0001:00039680       ??__ERadial_Splash@ExplosionTypes@BWAPI@@YAXXZ 0043a680 f   BWAPI:ExplosionType.obj
 0001:00039690       ??__EEnemy_Splash@ExplosionTypes@BWAPI@@YAXXZ 0043a690 f   BWAPI:ExplosionType.obj
 0001:000396a0       ??__ELockdown@ExplosionTypes@BWAPI@@YAXXZ 0043a6a0 f   BWAPI:ExplosionType.obj
 0001:000396b0       ??__ENuclear_Missile@ExplosionTypes@BWAPI@@YAXXZ 0043a6b0 f   BWAPI:ExplosionType.obj
 0001:000396c0       ??__EParasite@ExplosionTypes@BWAPI@@YAXXZ 0043a6c0 f   BWAPI:ExplosionType.obj
 0001:000396d0       ??__EBroodlings@ExplosionTypes@BWAPI@@YAXXZ 0043a6d0 f   BWAPI:ExplosionType.obj
 0001:000396e0       ??__EEMP_Shockwave@ExplosionTypes@BWAPI@@YAXXZ 0043a6e0 f   BWAPI:ExplosionType.obj
 0001:000396f0       ??__EIrradiate@ExplosionTypes@BWAPI@@YAXXZ 0043a6f0 f   BWAPI:ExplosionType.obj
 0001:00039700       ??__EEnsnare@ExplosionTypes@BWAPI@@YAXXZ 0043a700 f   BWAPI:ExplosionType.obj
 0001:00039710       ??__EPlague@ExplosionTypes@BWAPI@@YAXXZ 0043a710 f   BWAPI:ExplosionType.obj
 0001:00039720       ??__EStasis_Field@ExplosionTypes@BWAPI@@YAXXZ 0043a720 f   BWAPI:ExplosionType.obj
 0001:00039730       ??__EDark_Swarm@ExplosionTypes@BWAPI@@YAXXZ 0043a730 f   BWAPI:ExplosionType.obj
 0001:00039740       ??__EConsume@ExplosionTypes@BWAPI@@YAXXZ 0043a740 f   BWAPI:ExplosionType.obj
 0001:00039750       ??__EYamato_Gun@ExplosionTypes@BWAPI@@YAXXZ 0043a750 f   BWAPI:ExplosionType.obj
 0001:00039760       ??__ERestoration@ExplosionTypes@BWAPI@@YAXXZ 0043a760 f   BWAPI:ExplosionType.obj
 0001:00039770       ??__EDisruption_Web@ExplosionTypes@BWAPI@@YAXXZ 0043a770 f   BWAPI:ExplosionType.obj
 0001:00039780       ??__ECorrosive_Acid@ExplosionTypes@BWAPI@@YAXXZ 0043a780 f   BWAPI:ExplosionType.obj
 0001:00039790       ??__EMind_Control@ExplosionTypes@BWAPI@@YAXXZ 0043a790 f   BWAPI:ExplosionType.obj
 0001:000397a0       ??__EFeedback@ExplosionTypes@BWAPI@@YAXXZ 0043a7a0 f   BWAPI:ExplosionType.obj
 0001:000397b0       ??__EOptical_Flare@ExplosionTypes@BWAPI@@YAXXZ 0043a7b0 f   BWAPI:ExplosionType.obj
 0001:000397c0       ??__EMaelstrom@ExplosionTypes@BWAPI@@YAXXZ 0043a7c0 f   BWAPI:ExplosionType.obj
 0001:000397d0       ??__EAir_Splash@ExplosionTypes@BWAPI@@YAXXZ 0043a7d0 f   BWAPI:ExplosionType.obj
 0001:000397e0       ??__EUnknown@ExplosionTypes@BWAPI@@YAXXZ 0043a7e0 f   BWAPI:ExplosionType.obj
 0001:000397f0       ??__EdamageTypeName@BWAPI@@YAXXZ 0043a7f0 f   BWAPI:DamageType.obj
 0001:00039820       ??__EdamageTypeMap@BWAPI@@YAXXZ 0043a820 f   BWAPI:DamageType.obj
 0001:00039850       ??__EdamageTypeSet@BWAPI@@YAXXZ 0043a850 f   BWAPI:DamageType.obj
 0001:00039880       ??__EIndependent@DamageTypes@BWAPI@@YAXXZ 0043a880 f   BWAPI:DamageType.obj
 0001:00039890       ??__EExplosive@DamageTypes@BWAPI@@YAXXZ 0043a890 f   BWAPI:DamageType.obj
 0001:000398a0       ??__EConcussive@DamageTypes@BWAPI@@YAXXZ 0043a8a0 f   BWAPI:DamageType.obj
 0001:000398b0       ??__ENormal@DamageTypes@BWAPI@@YAXXZ 0043a8b0 f   BWAPI:DamageType.obj
 0001:000398c0       ??__EIgnore_Armor@DamageTypes@BWAPI@@YAXXZ 0043a8c0 f   BWAPI:DamageType.obj
 0001:000398d0       ??__ENone@DamageTypes@BWAPI@@YAXXZ 0043a8d0 f   BWAPI:DamageType.obj
 0001:000398e0       ??__EUnknown@DamageTypes@BWAPI@@YAXXZ 0043a8e0 f   BWAPI:DamageType.obj
 0001:000398f0       ??__Fsd@?1??getStarcraftDataInstance@BuildOrderSearch@@YAAAVStarcraftData@1@XZ@YAXXZ 0043a8f0 f    CIL library: CIL module
 0001:00039900       ??__FraceData@BWAPI@@YAXXZ 0043a900 f   BWAPI:Race.obj
 0001:00039920       ??__FraceSet@BWAPI@@YAXXZ  0043a920 f   BWAPI:Race.obj
 0001:00039930       ??__FraceMap@BWAPI@@YAXXZ  0043a930 f   BWAPI:Race.obj
 0001:00039940       ??__FmacroTypeSet@BWAPI@@YAXXZ 0043a940 f   BWAPI:UnitType.obj
 0001:00039950       ??__FunitTypeData@BWAPI@@YAXXZ 0043a950 f   BWAPI:UnitType.obj
 0001:00039970       ??__FunitTypeSet@BWAPI@@YAXXZ 0043a970 f   BWAPI:UnitType.obj
 0001:00039980       ??__FunitTypeMap@BWAPI@@YAXXZ 0043a980 f   BWAPI:UnitType.obj
 0001:00039990       ??__FupgradeTypeData@BWAPI@@YAXXZ 0043a990 f   BWAPI:UpgradeType.obj
 0001:000399b0       ??__FupgradeTypeSet@BWAPI@@YAXXZ 0043a9b0 f   BWAPI:UpgradeType.obj
 0001:000399c0       ??__FupgradeTypeMap@BWAPI@@YAXXZ 0043a9c0 f   BWAPI:UpgradeType.obj
 0001:000399d0       ??__FtechTypeData@BWAPI@@YAXXZ 0043a9d0 f   BWAPI:TechType.obj
 0001:000399f0       ??__FtechTypeSet@BWAPI@@YAXXZ 0043a9f0 f   BWAPI:TechType.obj
 0001:00039a00       ??__FtechTypeMap@BWAPI@@YAXXZ 0043aa00 f   BWAPI:TechType.obj
 0001:00039a10       ??__FweaponTypeData@BWAPI@@YAXXZ 0043aa10 f   BWAPI:WeaponType.obj
 0001:00039a30       ??__FspecialWeaponTypeSet@BWAPI@@YAXXZ 0043aa30 f   BWAPI:WeaponType.obj
 0001:00039a40       ??__FnormalWeaponTypeSet@BWAPI@@YAXXZ 0043aa40 f   BWAPI:WeaponType.obj
 0001:00039a50       ??__FweaponTypeSet@BWAPI@@YAXXZ 0043aa50 f   BWAPI:WeaponType.obj
 0001:00039a60       ??__FweaponTypeMap@BWAPI@@YAXXZ 0043aa60 f   BWAPI:WeaponType.obj
 0001:00039a70       ??__FunitSizeTypeName@BWAPI@@YAXXZ 0043aa70 f   BWAPI:UnitSizeType.obj
 0001:00039a90       ??__FunitSizeTypeSet@BWAPI@@YAXXZ 0043aa90 f   BWAPI:UnitSizeType.obj
 0001:00039aa0       ??__FunitSizeTypeMap@BWAPI@@YAXXZ 0043aaa0 f   BWAPI:UnitSizeType.obj
 0001:00039ab0       ??__ForderName@BWAPI@@YAXXZ 0043aab0 f   BWAPI:Order.obj
 0001:00039ad0       ??__ForderSet@BWAPI@@YAXXZ 0043aad0 f   BWAPI:Order.obj
 0001:00039ae0       ??__ForderMap@BWAPI@@YAXXZ 0043aae0 f   BWAPI:Order.obj
 0001:00039af0       ??__FgameTypeName@BWAPI@@YAXXZ 0043aaf0 f   BWAPI:GameType.obj
 0001:00039b10       ??__FgameTypeSet@BWAPI@@YAXXZ 0043ab10 f   BWAPI:GameType.obj
 0001:00039b20       ??__FgameTypeMap@BWAPI@@YAXXZ 0043ab20 f   BWAPI:GameType.obj
 0001:00039b30       ??__FerrorName@BWAPI@@YAXXZ 0043ab30 f   BWAPI:Error.obj
 0001:00039b50       ??__FerrorSet@BWAPI@@YAXXZ 0043ab50 f   BWAPI:Error.obj
 0001:00039b60       ??__FerrorMap@BWAPI@@YAXXZ 0043ab60 f   BWAPI:Error.obj
 0001:00039b70       ??__FbulletTypeName@BWAPI@@YAXXZ 0043ab70 f   BWAPI:BulletType.obj
 0001:00039b90       ??__FbulletTypeSet@BWAPI@@YAXXZ 0043ab90 f   BWAPI:BulletType.obj
 0001:00039ba0       ??__FbulletTypeMap@BWAPI@@YAXXZ 0043aba0 f   BWAPI:BulletType.obj
 0001:00039bb0       ??__FunitCommandTypeName@BWAPI@@YAXXZ 0043abb0 f   BWAPI:UnitCommandType.obj
 0001:00039bd0       ??__FunitCommandTypeSet@BWAPI@@YAXXZ 0043abd0 f   BWAPI:UnitCommandType.obj
 0001:00039be0       ??__FunitCommandTypeMap@BWAPI@@YAXXZ 0043abe0 f   BWAPI:UnitCommandType.obj
 0001:00039bf0       ??__FplayerTypeName@BWAPI@@YAXXZ 0043abf0 f   BWAPI:PlayerType.obj
 0001:00039c10       ??__FplayerTypeSet@BWAPI@@YAXXZ 0043ac10 f   BWAPI:PlayerType.obj
 0001:00039c20       ??__FplayerTypeMap@BWAPI@@YAXXZ 0043ac20 f   BWAPI:PlayerType.obj
 0001:00039c30       ??__FexplosionTypeName@BWAPI@@YAXXZ 0043ac30 f   BWAPI:ExplosionType.obj
 0001:00039c50       ??__FexplosionTypeSet@BWAPI@@YAXXZ 0043ac50 f   BWAPI:ExplosionType.obj
 0001:00039c60       ??__FexplosionTypeMap@BWAPI@@YAXXZ 0043ac60 f   BWAPI:ExplosionType.obj
 0001:00039c70       ??__FdamageTypeName@BWAPI@@YAXXZ 0043ac70 f   BWAPI:DamageType.obj
 0001:00039c90       ??__FdamageTypeSet@BWAPI@@YAXXZ 0043ac90 f   BWAPI:DamageType.obj
 0001:00039ca0       ??__FdamageTypeMap@BWAPI@@YAXXZ 0043aca0 f   BWAPI:DamageType.obj
